> Task :createMinecraftArtifacts UP-TO-DATE

> Task :compileJava
注: E:\MyMC\NewMod\Create_NuclearIndustry-ore-acquisition\src\main\java\com\iksxh\create_nuclear_industry\gametest\ExtensionHeatExchangerGameTests.java使用或覆盖了已过时的 API。
注: 有关详细信息, 请使用 -Xlint:deprecation 重新编译。

> Task :processResources UP-TO-DATE
> Task :classes
> Task :downloadAssets UP-TO-DATE
> Task :writeGameTestServerLegacyClasspath UP-TO-DATE
> Task :prepareGameTestServerRun UP-TO-DATE

> Task :runGameTestServer
WARN StatusConsoleListener Advanced terminal features are not available in this environment
[00:23:53] [main/INFO] [cp.mo.mo.Launcher/MODLAUNCHER]: ModLauncher running: args [--launchTarget, forgeserverdev, --gameDir, ., --fml.fmlVersion, 4.0.42, --fml.mcVersion, 1.21.1, --fml.neoForgeVersion, 21.1.219, --fml.neoFormVersion, 20240808.144430]
[00:23:53] [main/INFO] [cp.mo.mo.Launcher/MODLAUNCHER]: JVM identified as Oracle Corporation Java HotSpot(TM) 64-Bit Server VM 21.0.7+8-LTS-245
[00:23:53] [main/INFO] [cp.mo.mo.Launcher/MODLAUNCHER]: ModLauncher 11.0.5+main.901c6ea8 starting: java version 21.0.7 by Oracle Corporation; OS Windows 10 arch amd64 version 10.0
[00:23:53] [main/INFO] [ne.ne.fm.lo.ImmediateWindowHandler/]: ImmediateWindowProvider not loading because launch target is forgeserverdev
[00:23:53] [main/INFO] [mixin/]: SpongePowered MIXIN Subsystem Version=0.8.7 Source=union:/C:/Users/IKSXH/.gradle/caches/modules-2/files-2.1/net.fabricmc/sponge-mixin/0.15.2+mixin.0.8.7/2af2f021d8e02a0220dc27a7a72b4666d66d44ca/sponge-mixin-0.15.2+mixin.0.8.7.jar%2394!/ Service=ModLauncher Env=SERVER
[00:23:53] [main/INFO] [ne.ne.fm.lo.mo.lo.JarInJarDependencyLocator/]: Found 2 dependencies adding them to mods collection
[00:23:53] [main/INFO] [ne.ne.fm.lo.mo.ModDiscoverer/]: 
     Mod List:
		Name Version (Mod Id)

		Create 6.0.10 (create)
		Create: Nuclear Industry 0.1.0 (create_nuclear_industry)
		Flywheel 1.0.6 (flywheel)
		Minecraft 1.21.1 (minecraft)
		NeoForge 21.1.219 (neoforge)
		Ponder 1.0.82+mc1.21.1 (ponder)
[00:23:55] [main/INFO] [mixin/]: Compatibility level set to JAVA_21
[00:23:55] [main/INFO] [cp.mo.mo.LaunchServiceHandler/MODLAUNCHER]: Launching target 'forgeserverdev' with arguments [--gameDir, .]
[00:23:55] [main/WARN] [mixin/]: Reference map 'ponder.refmap.json' for ponder-common.mixins.json could not be read. If this is a development environment you can ignore this message
[00:23:56] [main/WARN] [mixin/]: Error loading class: org/jetbrains/annotations/ApiStatus$ScheduledForRemoval (java.lang.ClassNotFoundException: org.jetbrains.annotations.ApiStatus$ScheduledForRemoval)
[00:23:56] [main/INFO] [MixinExtras|Service/]: Initializing MixinExtras via com.llamalad7.mixinextras.service.MixinExtrasServiceImpl(version=0.5.0).
[00:24:02] [main/WARN] [minecraft/Commands]: Ambiguity between arguments [teleport, location] and [teleport, destination] with inputs: [0.1 -0.5 .9, 0 0 0]
[00:24:02] [main/WARN] [minecraft/Commands]: Ambiguity between arguments [teleport, location] and [teleport, targets] with inputs: [0.1 -0.5 .9, 0 0 0]
[00:24:02] [main/WARN] [minecraft/Commands]: Ambiguity between arguments [teleport, destination] and [teleport, targets] with inputs: [Player, 0123, @e, dd12be42-52a9-4a91-a8a1-11c01849e498]
[00:24:02] [main/WARN] [minecraft/Commands]: Ambiguity between arguments [teleport, targets] and [teleport, destination] with inputs: [Player, 0123, dd12be42-52a9-4a91-a8a1-11c01849e498]
[00:24:02] [main/WARN] [minecraft/Commands]: Ambiguity between arguments [teleport, targets, location] and [teleport, targets, destination] with inputs: [0.1 -0.5 .9, 0 0 0]
[00:24:02] [modloading-worker-0/INFO] [ne.ne.ne.co.NeoForgeMod/NEOFORGE-MOD]: NeoForge mod loading, version 21.1.219, for MC 1.21.1
[00:24:02] [modloading-worker-0/INFO] [co.si.cr.Create/]: Create 6.0.10 initializing! Commit hash: ac0c444d9828da3453ae8cc65338e8de063286fb
[00:24:04] [main/INFO] [mojang/YggdrasilAuthenticationService]: Environment: Environment[sessionHost=https://sessionserver.mojang.com, servicesHost=https://api.minecraftservices.com, name=PROD]
[00:24:04] [NeoForge Version Check/INFO] [ne.ne.fm.VersionChecker/]: [create] Starting version check at https://api.modrinth.com/updates/create/forge_updates.json?neoforge=only
[00:24:04] [main/WARN] [minecraft/VanillaPackResourcesBuilder]: Assets URL 'union:/E:/MyMC/NewMod/Create_NuclearIndustry-ore-acquisition/build/moddev/artifacts/neoforge-21.1.219.jar%23125!/assets/.mcassetsroot' uses unexpected schema
[00:24:04] [main/WARN] [minecraft/VanillaPackResourcesBuilder]: Assets URL 'union:/E:/MyMC/NewMod/Create_NuclearIndustry-ore-acquisition/build/moddev/artifacts/neoforge-21.1.219.jar%23125!/data/.mcassetsroot' uses unexpected schema
[00:24:05] [main/INFO] [co.si.cr.Create/]: Created 157 recipes which will be injected into the game
[00:24:05] [main/INFO] [co.si.cr.Create/]: Created 0 tags which will be injected into the game
[00:24:05] [main/INFO] [ne.ne.ne.ga.GameTestHooks/]: Enabled Gametest Namespaces: [create_nuclear_industry_heat_exchanger]
[00:24:05] [NeoForge Version Check/INFO] [ne.ne.fm.VersionChecker/]: [create] Found status: OUTDATED Current: 6.0.10 Target: 6.0.10+mc1.21.1
[00:24:06] [main/INFO] [minecraft/RecipeManager]: Loaded 2904 recipes
[00:24:06] [main/INFO] [minecraft/AdvancementTree]: Loaded 2507 advancements
[00:24:08] [Server thread/INFO] [minecraft/MinecraftServer]: Preparing start region for dimension minecraft:overworld
[00:24:08] [worldgen/INFO] [minecraft/LoggerChunkProgressListener]: Preparing spawn area: 2%
[00:24:08] [Server thread/INFO] [minecraft/LoggerChunkProgressListener]: Time elapsed: 129 ms
[00:24:08] [Server thread/INFO] [minecraft/GameTestServer]: Started game test server
[00:24:08] [Server thread/INFO] [ne.ne.ne.se.pe.PermissionAPI/]: Successfully initialized permission handler neoforge:default_handler
[00:24:08] [Server thread/INFO] [minecraft/GameTestServer]: 10 tests are now running at position -9024844, -59, -9158131!
[00:24:08] [Server thread/INFO] [minecraft/GameTestRunner]: Running test batch 'heat_liveness:0' (1 tests)...
[00:24:08] [Server thread/INFO] [minecraft/GameTestServer]: [          ]
[00:24:08] [Server thread/INFO] [minecraft/GameTestServer]: [          ]
[00:24:08] [Server thread/INFO] [minecraft/GameTestServer]: [_         ]
[00:24:08] [Server thread/INFO] [minecraft/GameTestServer]: [_         ]
[00:24:08] [Server thread/INFO] [minecraft/GameTestServer]: [_         ]
[00:24:08] [Server thread/INFO] [minecraft/GameTestServer]: [_         ]
[00:24:08] [Server thread/INFO] [minecraft/GameTestServer]: [_         ]
[00:24:08] [Server thread/INFO] [minecraft/GameTestServer]: [_         ]
HEAT_LIVENESS_GATE_BEGIN source=BlockPos{x=-9024832, y=-59, z=-9158129} controller=BlockPos{x=-9024833, y=-58, z=-9158129} oldLevel=31 sourceLevel=33 sourceTick=false controllerTick=true
[00:24:08] [Server thread/INFO] [minecraft/GameTestServer]: [_         ]
[00:24:08] [Server thread/INFO] [minecraft/GameTestServer]: [_         ]
[00:24:08] [Server thread/ERROR] [minecraft/LogTestReporter]: fullbutnontickingsourcerevokesheatandcapabilitycacherecovers failed at -9024844, -60, -9158131! 原生停tick门或跨chunk控制器门不符 source=BlockPos{x=-9024832, y=-59, z=-9158129} controller=BlockPos{x=-9024833, y=-58, z=-9158129} sourceLevel=31 sourceTick=true controllerTick=true ledgerUnchanged=false
[00:24:09] [Server thread/INFO] [minecraft/GameTestRunner]: Running test batch 'defaultBatch:0' (9 tests)...
[00:24:09] [Server thread/INFO] [minecraft/GameTestServer]: [X         ]
[00:24:09] [Server thread/INFO] [minecraft/GameTestServer]: [X__+      ]
[00:24:09] [Server thread/INFO] [minecraft/GameTestServer]: [X__+_+_++_]
[00:24:09] [Server thread/INFO] [minecraft/GameTestServer]: [X__+_+_++_]
[00:24:09] [Server thread/INFO] [minecraft/GameTestServer]: [X__+_+_++_]
[00:24:09] [Server thread/INFO] [minecraft/GameTestServer]: [X__+_+_++_]
[00:24:09] [Server thread/INFO] [minecraft/GameTestServer]: [X_++_+_++_]
[00:24:09] [Server thread/INFO] [minecraft/GameTestServer]: [X_++++_++_]
[00:24:09] [Server thread/INFO] [minecraft/GameTestServer]: [X_++++_+++]
[00:24:09] [Server thread/INFO] [minecraft/GameTestServer]: [X_++++_+++]
[00:24:09] [Server thread/INFO] [minecraft/GameTestServer]: [X_++++_+++]
[00:24:09] [Server thread/INFO] [minecraft/GameTestServer]: [X_++++_+++]
[00:24:09] [Server thread/INFO] [minecraft/GameTestServer]: [X+++++_+++]
[00:24:09] [Server thread/INFO] [minecraft/GameTestServer]: [X+++++++++]
[00:24:09] [Server thread/INFO] [minecraft/GameTestServer]: ========= 10 GAME TESTS COMPLETE IN 1.257 s ======================
[00:24:09] [Server thread/INFO] [minecraft/GameTestServer]: 1 required tests failed :(
[00:24:09] [Server thread/INFO] [minecraft/GameTestServer]:    - fullbutnontickingsourcerevokesheatandcapabilitycacherecovers
[00:24:09] [Server thread/INFO] [minecraft/GameTestServer]: ====================================================
[00:24:09] [Server thread/INFO] [minecraft/MinecraftServer]: Stopping server
[00:24:09] [Server thread/INFO] [minecraft/MinecraftServer]: Saving players
[00:24:09] [Server thread/INFO] [minecraft/MinecraftServer]: Saving worlds
[00:24:10] [Server thread/INFO] [minecraft/MinecraftServer]: Saving chunks for level 'ServerLevel[Test Level]'/minecraft:overworld
[00:24:10] [Server thread/INFO] [minecraft/MinecraftServer]: Saving chunks for level 'ServerLevel[Test Level]'/minecraft:the_end
[00:24:10] [Server thread/INFO] [minecraft/MinecraftServer]: Saving chunks for level 'ServerLevel[Test Level]'/minecraft:the_nether
[00:24:10] [Server thread/INFO] [minecraft/MinecraftServer]: ThreadedAnvilChunkStorage (world): All chunks are saved
[00:24:10] [Server thread/INFO] [minecraft/MinecraftServer]: ThreadedAnvilChunkStorage (DIM1): All chunks are saved
[00:24:10] [Server thread/INFO] [minecraft/MinecraftServer]: ThreadedAnvilChunkStorage (DIM-1): All chunks are saved
[00:24:10] [Server thread/INFO] [minecraft/MinecraftServer]: ThreadedAnvilChunkStorage: All dimensions are saved
[00:24:10] [Server thread/INFO] [minecraft/GameTestServer]: Game test server shutting down

> Task :runGameTestServer FAILED

[Incubating] Problems report is available at: file:///E:/MyMC/NewMod/Create_NuclearIndustry-ore-acquisition/build/reports/problems/problems-report.html

FAILURE: Build failed with an exception.

* What went wrong:
Execution failed for task ':runGameTestServer'.
> Process 'command 'C:\Program Files\Java\jdk-21\bin\java.exe'' finished with non-zero exit value 1

* Try:
> Run with --stacktrace option to get the stack trace.
> Run with --info or --debug option to get more log output.
> Run with --scan to generate a Build Scan (Powered by Develocity).
> Get more help at https://help.gradle.org.

BUILD FAILED in 21s
7 actionable tasks: 2 executed, 5 up-to-date
