> Task :createMinecraftArtifacts UP-TO-DATE
> Task :compileJava
> Task :processResources UP-TO-DATE
> Task :classes
> Task :downloadAssets UP-TO-DATE
> Task :writeGameTestServerLegacyClasspath UP-TO-DATE
> Task :prepareGameTestServerRun UP-TO-DATE

> Task :runGameTestServer
WARN StatusConsoleListener Advanced terminal features are not available in this environment
[18:31:56] [main/INFO] [cp.mo.mo.Launcher/MODLAUNCHER]: ModLauncher running: args [--launchTarget, forgeserverdev, --gameDir, ., --fml.fmlVersion, 4.0.42, --fml.mcVersion, 1.21.1, --fml.neoForgeVersion, 21.1.219, --fml.neoFormVersion, 20240808.144430]
[18:31:56] [main/INFO] [cp.mo.mo.Launcher/MODLAUNCHER]: JVM identified as Oracle Corporation Java HotSpot(TM) 64-Bit Server VM 21.0.7+8-LTS-245
[18:31:56] [main/INFO] [cp.mo.mo.Launcher/MODLAUNCHER]: ModLauncher 11.0.5+main.901c6ea8 starting: java version 21.0.7 by Oracle Corporation; OS Windows 10 arch amd64 version 10.0
[18:31:56] [main/INFO] [ne.ne.fm.lo.ImmediateWindowHandler/]: ImmediateWindowProvider not loading because launch target is forgeserverdev
[18:31:56] [main/INFO] [mixin/]: SpongePowered MIXIN Subsystem Version=0.8.7 Source=union:/C:/Users/IKSXH/.gradle/caches/modules-2/files-2.1/net.fabricmc/sponge-mixin/0.15.2+mixin.0.8.7/2af2f021d8e02a0220dc27a7a72b4666d66d44ca/sponge-mixin-0.15.2+mixin.0.8.7.jar%2394!/ Service=ModLauncher Env=SERVER
[18:31:57] [main/INFO] [ne.ne.fm.lo.mo.lo.JarInJarDependencyLocator/]: Found 2 dependencies adding them to mods collection
[18:31:57] [main/INFO] [ne.ne.fm.lo.mo.ModDiscoverer/]: 
     Mod List:
		Name Version (Mod Id)

		Create 6.0.10 (create)
		Create: Nuclear Industry 0.1.0 (create_nuclear_industry)
		Flywheel 1.0.6 (flywheel)
		Minecraft 1.21.1 (minecraft)
		NeoForge 21.1.219 (neoforge)
		Ponder 1.0.82+mc1.21.1 (ponder)
[18:31:58] [main/INFO] [mixin/]: Compatibility level set to JAVA_21
[18:31:58] [main/INFO] [cp.mo.mo.LaunchServiceHandler/MODLAUNCHER]: Launching target 'forgeserverdev' with arguments [--gameDir, .]
[18:31:58] [main/WARN] [mixin/]: Reference map 'ponder.refmap.json' for ponder-common.mixins.json could not be read. If this is a development environment you can ignore this message
[18:31:59] [main/WARN] [mixin/]: Error loading class: org/jetbrains/annotations/ApiStatus$ScheduledForRemoval (java.lang.ClassNotFoundException: org.jetbrains.annotations.ApiStatus$ScheduledForRemoval)
[18:31:59] [main/INFO] [MixinExtras|Service/]: Initializing MixinExtras via com.llamalad7.mixinextras.service.MixinExtrasServiceImpl(version=0.5.0).
[18:32:05] [main/WARN] [minecraft/Commands]: Ambiguity between arguments [teleport, location] and [teleport, destination] with inputs: [0.1 -0.5 .9, 0 0 0]
[18:32:05] [main/WARN] [minecraft/Commands]: Ambiguity between arguments [teleport, location] and [teleport, targets] with inputs: [0.1 -0.5 .9, 0 0 0]
[18:32:05] [main/WARN] [minecraft/Commands]: Ambiguity between arguments [teleport, destination] and [teleport, targets] with inputs: [Player, 0123, @e, dd12be42-52a9-4a91-a8a1-11c01849e498]
[18:32:05] [main/WARN] [minecraft/Commands]: Ambiguity between arguments [teleport, targets] and [teleport, destination] with inputs: [Player, 0123, dd12be42-52a9-4a91-a8a1-11c01849e498]
[18:32:05] [main/WARN] [minecraft/Commands]: Ambiguity between arguments [teleport, targets, location] and [teleport, targets, destination] with inputs: [0.1 -0.5 .9, 0 0 0]
[18:32:05] [modloading-worker-0/INFO] [ne.ne.ne.co.NeoForgeMod/NEOFORGE-MOD]: NeoForge mod loading, version 21.1.219, for MC 1.21.1
[18:32:05] [modloading-worker-0/INFO] [co.si.cr.Create/]: Create 6.0.10 initializing! Commit hash: ac0c444d9828da3453ae8cc65338e8de063286fb
[18:32:09] [main/ERROR] [minecraft/Settings]: Failed to load properties from file: server.properties
java.nio.file.NoSuchFileException: server.properties
	at java.base/sun.nio.fs.WindowsException.translateToIOException(WindowsException.java:85) ~[?:?] {}
	at java.base/sun.nio.fs.WindowsException.rethrowAsIOException(WindowsException.java:103) ~[?:?] {}
	at java.base/sun.nio.fs.WindowsException.rethrowAsIOException(WindowsException.java:108) ~[?:?] {}
	at java.base/sun.nio.fs.WindowsFileSystemProvider.newByteChannel(WindowsFileSystemProvider.java:234) ~[?:?] {}
	at java.base/java.nio.file.Files.newByteChannel(Files.java:379) ~[?:?] {}
	at java.base/java.nio.file.Files.newByteChannel(Files.java:431) ~[?:?] {}
	at java.base/java.nio.file.spi.FileSystemProvider.newInputStream(FileSystemProvider.java:420) ~[?:?] {}
	at java.base/java.nio.file.Files.newInputStream(Files.java:159) ~[?:?] {}
	at TRANSFORMER/minecraft@1.21.1/net.minecraft.server.dedicated.Settings.loadFromFile(Settings.java:38) ~[neoforge-21.1.219.jar%23125!/:?] {re:classloading}
	at TRANSFORMER/minecraft@1.21.1/net.minecraft.server.dedicated.DedicatedServerProperties.fromFile(DedicatedServerProperties.java:132) ~[neoforge-21.1.219.jar%23125!/:?] {re:classloading}
	at TRANSFORMER/minecraft@1.21.1/net.minecraft.server.dedicated.DedicatedServerSettings.<init>(DedicatedServerSettings.java:12) ~[neoforge-21.1.219.jar%23125!/:?] {re:classloading}
	at TRANSFORMER/minecraft@1.21.1/net.minecraft.server.Main.main(Main.java:125) ~[neoforge-21.1.219.jar%23125!/:?] {re:classloading}
	at java.base/jdk.internal.reflect.DirectMethodHandleAccessor.invoke(DirectMethodHandleAccessor.java:103) ~[?:?] {}
	at java.base/java.lang.reflect.Method.invoke(Method.java:580) ~[?:?] {}
	at MC-BOOTSTRAP/fml_loader@4.0.42/net.neoforged.fml.loading.targets.CommonLaunchHandler.runTarget(CommonLaunchHandler.java:136) ~[loader-4.0.42.jar%23102!/:4.0] {}
	at MC-BOOTSTRAP/fml_loader@4.0.42/net.neoforged.fml.loading.targets.CommonLaunchHandler.serverService(CommonLaunchHandler.java:128) ~[loader-4.0.42.jar%23102!/:4.0] {}
	at MC-BOOTSTRAP/fml_loader@4.0.42/net.neoforged.fml.loading.targets.NeoForgeServerDevLaunchHandler.runService(NeoForgeServerDevLaunchHandler.java:23) ~[loader-4.0.42.jar%23102!/:4.0] {}
	at MC-BOOTSTRAP/fml_loader@4.0.42/net.neoforged.fml.loading.targets.CommonLaunchHandler.lambda$launchService$4(CommonLaunchHandler.java:118) ~[loader-4.0.42.jar%23102!/:4.0] {}
	at MC-BOOTSTRAP/cpw.mods.modlauncher@11.0.5/cpw.mods.modlauncher.LaunchServiceHandlerDecorator.launch(LaunchServiceHandlerDecorator.java:30) [modlauncher-11.0.5.jar%2382!/:?] {}
	at MC-BOOTSTRAP/cpw.mods.modlauncher@11.0.5/cpw.mods.modlauncher.LaunchServiceHandler.launch(LaunchServiceHandler.java:53) [modlauncher-11.0.5.jar%2382!/:?] {}
	at MC-BOOTSTRAP/cpw.mods.modlauncher@11.0.5/cpw.mods.modlauncher.LaunchServiceHandler.launch(LaunchServiceHandler.java:71) [modlauncher-11.0.5.jar%2382!/:?] {}
	at MC-BOOTSTRAP/cpw.mods.modlauncher@11.0.5/cpw.mods.modlauncher.Launcher.run(Launcher.java:103) [modlauncher-11.0.5.jar%2382!/:?] {}
	at MC-BOOTSTRAP/cpw.mods.modlauncher@11.0.5/cpw.mods.modlauncher.Launcher.main(Launcher.java:74) [modlauncher-11.0.5.jar%2382!/:?] {}
	at MC-BOOTSTRAP/cpw.mods.modlauncher@11.0.5/cpw.mods.modlauncher.BootstrapLaunchConsumer.accept(BootstrapLaunchConsumer.java:26) [modlauncher-11.0.5.jar%2382!/:?] {}
	at MC-BOOTSTRAP/cpw.mods.modlauncher@11.0.5/cpw.mods.modlauncher.BootstrapLaunchConsumer.accept(BootstrapLaunchConsumer.java:23) [modlauncher-11.0.5.jar%2382!/:?] {}
	at cpw.mods.bootstraplauncher@2.0.2/cpw.mods.bootstraplauncher.BootstrapLauncher.run(BootstrapLauncher.java:210) [bootstraplauncher-2.0.2.jar:?] {}
	at cpw.mods.bootstraplauncher@2.0.2/cpw.mods.bootstraplauncher.BootstrapLauncher.main(BootstrapLauncher.java:69) [bootstraplauncher-2.0.2.jar:?] {}
	at java.base/jdk.internal.reflect.DirectMethodHandleAccessor.invoke(DirectMethodHandleAccessor.java:103) ~[?:?] {}
	at java.base/java.lang.reflect.Method.invoke(Method.java:580) ~[?:?] {}
	at net.neoforged.devlaunch.Main.main(Main.java:57) [DevLaunch-1.0.2.jar:?] {}
[18:32:09] [main/INFO] [mojang/YggdrasilAuthenticationService]: Environment: Environment[sessionHost=https://sessionserver.mojang.com, servicesHost=https://api.minecraftservices.com, name=PROD]
[18:32:09] [main/WARN] [minecraft/VanillaPackResourcesBuilder]: Assets URL 'union:/E:/MyMC/NewMod/Create_NuclearIndustry-ore-acquisition/build/moddev/artifacts/neoforge-21.1.219.jar%23125!/assets/.mcassetsroot' uses unexpected schema
[18:32:09] [main/WARN] [minecraft/VanillaPackResourcesBuilder]: Assets URL 'union:/E:/MyMC/NewMod/Create_NuclearIndustry-ore-acquisition/build/moddev/artifacts/neoforge-21.1.219.jar%23125!/data/.mcassetsroot' uses unexpected schema
[18:32:09] [NeoForge Version Check/INFO] [ne.ne.fm.VersionChecker/]: [create] Starting version check at https://api.modrinth.com/updates/create/forge_updates.json?neoforge=only
[18:32:09] [main/INFO] [co.si.cr.Create/]: Created 157 recipes which will be injected into the game
[18:32:09] [main/INFO] [co.si.cr.Create/]: Created 0 tags which will be injected into the game
[18:32:09] [main/INFO] [ne.ne.ne.ga.GameTestHooks/]: Enabled Gametest Namespaces: [create_nuclear_industry_condensation]
[18:32:09] [NeoForge Version Check/INFO] [ne.ne.fm.VersionChecker/]: [create] Found status: OUTDATED Current: 6.0.10 Target: 6.0.10+mc1.21.1
[18:32:10] [main/INFO] [minecraft/RecipeManager]: Loaded 2918 recipes
[18:32:11] [main/INFO] [minecraft/AdvancementTree]: Loaded 2507 advancements
[18:32:12] [Server thread/INFO] [minecraft/MinecraftServer]: Preparing start region for dimension minecraft:overworld
[18:32:12] [worldgen/INFO] [minecraft/LoggerChunkProgressListener]: Preparing spawn area: 2%
[18:32:13] [Server thread/INFO] [minecraft/LoggerChunkProgressListener]: Time elapsed: 178 ms
[18:32:13] [Server thread/INFO] [minecraft/GameTestServer]: Started game test server
[18:32:13] [Server thread/INFO] [ne.ne.ne.se.pe.PermissionAPI/]: Successfully initialized permission handler neoforge:default_handler
[18:32:13] [Server thread/INFO] [minecraft/GameTestServer]: 7 tests are now running at position -9174707, -59, 5501449!
[18:32:13] [Server thread/INFO] [minecraft/GameTestRunner]: Running test batch 'defaultBatch:0' (7 tests)...
[18:32:13] [Server thread/INFO] [minecraft/GameTestServer]: [       ]
[18:32:13] [Server thread/INFO] [minecraft/GameTestServer]: [+++____]
[18:32:13] [Server thread/ERROR] [minecraft/MinecraftServer]: Encountered an unexpected exception
java.lang.NullPointerException: Cannot invoke "it.unimi.dsi.fastutil.objects.ObjectArrayList.get(int)" because "this.wrapped" is null
	at MC-BOOTSTRAP/it.unimi.dsi.fastutil@8.5.12/it.unimi.dsi.fastutil.objects.Object2LongOpenHashMap$MapIterator.nextEntry(Object2LongOpenHashMap.java:711) ~[fastutil-8.5.12.jar%2393!/:?] {}
	at MC-BOOTSTRAP/it.unimi.dsi.fastutil@8.5.12/it.unimi.dsi.fastutil.objects.Object2LongOpenHashMap$EntryIterator.next(Object2LongOpenHashMap.java:803) ~[fastutil-8.5.12.jar%2393!/:?] {}
	at MC-BOOTSTRAP/it.unimi.dsi.fastutil@8.5.12/it.unimi.dsi.fastutil.objects.Object2LongOpenHashMap$EntryIterator.next(Object2LongOpenHashMap.java:798) ~[fastutil-8.5.12.jar%2393!/:?] {}
	at TRANSFORMER/minecraft@1.21.1/net.minecraft.gametest.framework.GameTestInfo.tickInternal(GameTestInfo.java:130) ~[neoforge-21.1.219.jar%23125!/:?] {re:classloading,pl:accesstransformer:B}
	at TRANSFORMER/minecraft@1.21.1/net.minecraft.gametest.framework.GameTestInfo.tick(GameTestInfo.java:107) ~[neoforge-21.1.219.jar%23125!/:?] {re:classloading,pl:accesstransformer:B}
	at TRANSFORMER/minecraft@1.21.1/net.minecraft.gametest.framework.GameTestTicker.lambda$tick$0(GameTestTicker.java:39) ~[neoforge-21.1.219.jar%23125!/:?] {re:classloading}
	at java.base/java.util.concurrent.CopyOnWriteArrayList.forEach(CopyOnWriteArrayList.java:891) ~[?:?] {}
	at TRANSFORMER/minecraft@1.21.1/net.minecraft.gametest.framework.GameTestTicker.tick(GameTestTicker.java:39) ~[neoforge-21.1.219.jar%23125!/:?] {re:classloading}
	at TRANSFORMER/minecraft@1.21.1/net.minecraft.server.MinecraftServer.tickChildren(MinecraftServer.java:1055) ~[neoforge-21.1.219.jar%23125!/:?] {re:mixin,pl:accesstransformer:B,re:classloading,pl:accesstransformer:B,pl:mixin:APP:ponder-common.mixins.json:accessor.MinecraftServerAccessor from mod ponder,pl:mixin:A}
	at TRANSFORMER/minecraft@1.21.1/net.minecraft.server.MinecraftServer.tickServer(MinecraftServer.java:917) ~[neoforge-21.1.219.jar%23125!/:?] {re:mixin,pl:accesstransformer:B,re:classloading,pl:accesstransformer:B,pl:mixin:APP:ponder-common.mixins.json:accessor.MinecraftServerAccessor from mod ponder,pl:mixin:A}
	at TRANSFORMER/minecraft@1.21.1/net.minecraft.gametest.framework.GameTestServer.tickServer(GameTestServer.java:168) ~[neoforge-21.1.219.jar%23125!/:?] {re:classloading}
	at TRANSFORMER/minecraft@1.21.1/net.minecraft.server.MinecraftServer.runServer(MinecraftServer.java:707) ~[neoforge-21.1.219.jar%23125!/:?] {re:mixin,pl:accesstransformer:B,re:classloading,pl:accesstransformer:B,pl:mixin:APP:ponder-common.mixins.json:accessor.MinecraftServerAccessor from mod ponder,pl:mixin:A}
	at TRANSFORMER/minecraft@1.21.1/net.minecraft.server.MinecraftServer.lambda$spin$2(MinecraftServer.java:267) ~[neoforge-21.1.219.jar%23125!/:?] {re:mixin,pl:accesstransformer:B,re:classloading,pl:accesstransformer:B,pl:mixin:APP:ponder-common.mixins.json:accessor.MinecraftServerAccessor from mod ponder,pl:mixin:A}
	at java.base/java.lang.Thread.run(Thread.java:1583) [?:?] {}
[18:32:14] [Server thread/FATAL] [ne.ne.ne.co.NeoForgeMod/]: Preparing crash report with UUID 68cd0f9d-fea5-4b73-be8e-01859629fb80
[18:32:14] [Server thread/ERROR] [minecraft/MinecraftServer]: This crash report has been saved to: E:\MyMC\NewMod\Create_NuclearIndustry-ore-acquisition\build\runtime-condense-01-diagnostic\crash-reports\crash-2026-10-05_18.32.14-server.txt
[18:32:14] [Server thread/FATAL] [ne.ne.ne.co.NeoForgeMod/]: Preparing crash report with UUID da0fb485-f89f-40be-85c1-6c13c2d3cdcc
[18:32:14] [Server thread/ERROR] [minecraft/GameTestServer]: Game test server crashed
---- Minecraft Crash Report ----
// Daisy, daisy...

Time: 2026-10-05 18:32:14
Description: Exception in server tick loop

java.lang.NullPointerException: Cannot invoke "it.unimi.dsi.fastutil.objects.ObjectArrayList.get(int)" because "this.wrapped" is null
	at MC-BOOTSTRAP/it.unimi.dsi.fastutil@8.5.12/it.unimi.dsi.fastutil.objects.Object2LongOpenHashMap$MapIterator.nextEntry(Object2LongOpenHashMap.java:711) ~[fastutil-8.5.12.jar%2393!/:?] {}
	at MC-BOOTSTRAP/it.unimi.dsi.fastutil@8.5.12/it.unimi.dsi.fastutil.objects.Object2LongOpenHashMap$EntryIterator.next(Object2LongOpenHashMap.java:803) ~[fastutil-8.5.12.jar%2393!/:?] {}
	at MC-BOOTSTRAP/it.unimi.dsi.fastutil@8.5.12/it.unimi.dsi.fastutil.objects.Object2LongOpenHashMap$EntryIterator.next(Object2LongOpenHashMap.java:798) ~[fastutil-8.5.12.jar%2393!/:?] {}
	at TRANSFORMER/minecraft@1.21.1/net.minecraft.gametest.framework.GameTestInfo.tickInternal(GameTestInfo.java:130) ~[neoforge-21.1.219.jar%23125!/:?] {re:classloading,pl:accesstransformer:B}
	at TRANSFORMER/minecraft@1.21.1/net.minecraft.gametest.framework.GameTestInfo.tick(GameTestInfo.java:107) ~[neoforge-21.1.219.jar%23125!/:?] {re:classloading,pl:accesstransformer:B}
	at TRANSFORMER/minecraft@1.21.1/net.minecraft.gametest.framework.GameTestTicker.lambda$tick$0(GameTestTicker.java:39) ~[neoforge-21.1.219.jar%23125!/:?] {re:classloading}
	at java.base/java.util.concurrent.CopyOnWriteArrayList.forEach(CopyOnWriteArrayList.java:891) ~[?:?] {}
	at TRANSFORMER/minecraft@1.21.1/net.minecraft.gametest.framework.GameTestTicker.tick(GameTestTicker.java:39) ~[neoforge-21.1.219.jar%23125!/:?] {re:classloading}
	at TRANSFORMER/minecraft@1.21.1/net.minecraft.server.MinecraftServer.tickChildren(MinecraftServer.java:1055) ~[neoforge-21.1.219.jar%23125!/:?] {re:mixin,pl:accesstransformer:B,re:classloading,pl:accesstransformer:B,pl:mixin:APP:ponder-common.mixins.json:accessor.MinecraftServerAccessor from mod ponder,pl:mixin:A}
	at TRANSFORMER/minecraft@1.21.1/net.minecraft.server.MinecraftServer.tickServer(MinecraftServer.java:917) ~[neoforge-21.1.219.jar%23125!/:?] {re:mixin,pl:accesstransformer:B,re:classloading,pl:accesstransformer:B,pl:mixin:APP:ponder-common.mixins.json:accessor.MinecraftServerAccessor from mod ponder,pl:mixin:A}
	at TRANSFORMER/minecraft@1.21.1/net.minecraft.gametest.framework.GameTestServer.tickServer(GameTestServer.java:168) ~[neoforge-21.1.219.jar%23125!/:?] {re:classloading}
	at TRANSFORMER/minecraft@1.21.1/net.minecraft.server.MinecraftServer.runServer(MinecraftServer.java:707) ~[neoforge-21.1.219.jar%23125!/:?] {re:mixin,pl:accesstransformer:B,re:classloading,pl:accesstransformer:B,pl:mixin:APP:ponder-common.mixins.json:accessor.MinecraftServerAccessor from mod ponder,pl:mixin:A}
	at TRANSFORMER/minecraft@1.21.1/net.minecraft.server.MinecraftServer.lambda$spin$2(MinecraftServer.java:267) ~[neoforge-21.1.219.jar%23125!/:?] {re:mixin,pl:accesstransformer:B,re:classloading,pl:accesstransformer:B,pl:mixin:APP:ponder-common.mixins.json:accessor.MinecraftServerAccessor from mod ponder,pl:mixin:A}
	at java.base/java.lang.Thread.run(Thread.java:1583) [?:?] {}


A detailed walkthrough of the error, its code path and all known details is as follows:
---------------------------------------------------------------------------------------

-- System Details --
Details:
	Minecraft Version: 1.21.1
	Minecraft Version ID: 1.21.1
	Operating System: Windows 10 (amd64) version 10.0
	Java Version: 21.0.7, Oracle Corporation
	Java VM Version: Java HotSpot(TM) 64-Bit Server VM (mixed mode, sharing), Oracle Corporation
	Memory: 920130176 bytes (877 MiB) / 1447034880 bytes (1380 MiB) up to 8564768768 bytes (8168 MiB)
	CPUs: 16
	Processor Vendor: AuthenticAMD
	Processor Name: AMD Ryzen 9 5900HX with Radeon Graphics        
	Identifier: AuthenticAMD Family 25 Model 80 Stepping 0
	Microarchitecture: Zen 3
	Frequency (GHz): 3.29
	Number of physical packages: 1
	Number of physical CPUs: 8
	Number of logical CPUs: 16
	Graphics card #0 name: NVIDIA GeForce RTX 3070 Laptop GPU
	Graphics card #0 vendor: NVIDIA
	Graphics card #0 VRAM (MiB): 8192.00
	Graphics card #0 deviceId: VideoController1
	Graphics card #0 versionInfo: 32.0.15.8180
	Memory slot #0 capacity (MiB): 16384.00
	Memory slot #0 clockSpeed (GHz): 3.20
	Memory slot #0 type: DDR4
	Memory slot #1 capacity (MiB): 16384.00
	Memory slot #1 clockSpeed (GHz): 3.20
	Memory slot #1 type: DDR4
	Virtual memory max (MiB): 35997.93
	Virtual memory used (MiB): 25202.49
	Swap memory total (MiB): 3328.00
	Swap memory used (MiB): 224.43
	Space in storage for jna.tmpdir (MiB): <path not set>
	Space in storage for org.lwjgl.system.SharedLibraryExtractPath (MiB): <path not set>
	Space in storage for io.netty.native.workdir (MiB): <path not set>
	Space in storage for java.io.tmpdir (MiB): available: 12992.00, total: 101798.30
	Space in storage for workdir (MiB): available: 403635.47, total: 976745.00
	JVM Flags: 0 total; 
	Server Running: true
	Player Count: 0 / 1; []
	Active Data Packs: bundle, trade_rebalance, vanilla, mod_data, mod/flywheel (incompatible), mod/ponder (incompatible), mod/create (incompatible), mod/create_nuclear_industry (incompatible), mod/neoforge, create:dynamic_data
	Available Data Packs: bundle, trade_rebalance, vanilla, mod/create (incompatible), mod/create_nuclear_industry (incompatible), mod/flywheel (incompatible), mod/neoforge, mod/ponder (incompatible), mod_data, create:dynamic_data
	Enabled Feature Flags: minecraft:bundle, minecraft:vanilla, minecraft:trade_rebalance
	World Generation: Stable
	World Seed: 0
	Type: Game test server
	ModLauncher: 11.0.5+main.901c6ea8
	ModLauncher launch target: forgeserverdev
	ModLauncher services: 
		sponge-mixin-0.15.2+mixin.0.8.7.jar mixin PLUGINSERVICE 
		loader-4.0.42.jar slf4jfixer PLUGINSERVICE 
		loader-4.0.42.jar runtime_enum_extender PLUGINSERVICE 
		at-modlauncher-10.0.1.jar accesstransformer PLUGINSERVICE 
		loader-4.0.42.jar runtimedistcleaner PLUGINSERVICE 
		modlauncher-11.0.5.jar mixin TRANSFORMATIONSERVICE 
		modlauncher-11.0.5.jar fml TRANSFORMATIONSERVICE 
	FML Language Providers: 
		javafml@4.0
		lowcodefml@4.0
		minecraft@4.0
	Mod List: 
		create-1.21.1-6.0.10-280-slim.jar                 |Create                        |create                        |6.0.10              |Manifest: NOSIGNATURE
		main                                              |Create: Nuclear Industry      |create_nuclear_industry       |0.1.0               |Manifest: NOSIGNATURE
		flywheel-neoforge-1.21.1-1.0.6.jar                |Flywheel                      |flywheel                      |1.0.6               |Manifest: NOSIGNATURE
		neoforge-21.1.219.jar                             |Minecraft                     |minecraft                     |1.21.1              |Manifest: NOSIGNATURE
		neoforge-21.1.219.jar                             |NeoForge                      |neoforge                      |21.1.219            |Manifest: NOSIGNATURE
		ponder-neoforge-1.0.82+mc1.21.1.jar               |Ponder                        |ponder                        |1.0.82+mc1.21.1     |Manifest: NOSIGNATURE
	Crash Report UUID: da0fb485-f89f-40be-85c1-6c13c2d3cdcc
	FML: 4.0.42
	NeoForge: 21.1.219

> Task :runGameTestServer FAILED

FAILURE: Build failed with an exception.

* What went wrong:
Execution failed for task ':runGameTestServer'.
> Process 'command 'C:\Program Files\Java\jdk-21\bin\java.exe'' finished with non-zero exit value 1

* Try:
> Run with --stacktrace option to get the stack trace.
7 actionable tasks: 2 executed, 5 up-to-date
> Run with --info or --debug option to get more log output.
> Run with --scan to generate a Build Scan (Powered by Develocity).
> Get more help at https://help.gradle.org.

BUILD FAILED in 21s
