> Task :createMinecraftArtifacts UP-TO-DATE
> Task :compileJava UP-TO-DATE
> Task :processResources UP-TO-DATE
> Task :classes UP-TO-DATE
> Task :downloadAssets UP-TO-DATE
> Task :writeClientLegacyClasspath UP-TO-DATE
> Task :prepareClientRun UP-TO-DATE

> Task :runClient
CNI01D_PROBE_DIR=E:\MyMC\NewMod\Create_NuclearIndustry-ore-acquisition\build\runtime-01d-client
WARN StatusConsoleListener Advanced terminal features are not available in this environment
[02:26:22] [main/INFO] [cp.mo.mo.Launcher/MODLAUNCHER]: ModLauncher running: args [--launchTarget, forgeclientdev, --version, 21.1.219, --assetIndex, 17, --assetsDir, C:\\Users\\IKSXH\\.gradle\\caches\\neoformruntime\\assets, --gameDir, ., --fml.fmlVersion, 4.0.42, --fml.mcVersion, 1.21.1, --fml.neoForgeVersion, 21.1.219, --fml.neoFormVersion, 20240808.144430, --username, CNI01DProbe]
[02:26:22] [main/INFO] [cp.mo.mo.Launcher/MODLAUNCHER]: JVM identified as Oracle Corporation Java HotSpot(TM) 64-Bit Server VM 21.0.7+8-LTS-245
[02:26:22] [main/INFO] [cp.mo.mo.Launcher/MODLAUNCHER]: ModLauncher 11.0.5+main.901c6ea8 starting: java version 21.0.7 by Oracle Corporation; OS Windows 10 arch amd64 version 10.0
[02:26:22] [main/INFO] [ne.ne.fm.lo.ImmediateWindowHandler/]: Loading ImmediateWindowProvider fmlearlywindow
[02:26:22] [main/INFO] [EARLYDISPLAY/]: Trying GL version 4.6
[02:26:22] [main/INFO] [EARLYDISPLAY/]: Requested GL version 4.6 got version 4.6
[02:26:22] [main/INFO] [mixin/]: SpongePowered MIXIN Subsystem Version=0.8.7 Source=union:/C:/Users/IKSXH/.gradle/caches/modules-2/files-2.1/net.fabricmc/sponge-mixin/0.15.2+mixin.0.8.7/2af2f021d8e02a0220dc27a7a72b4666d66d44ca/sponge-mixin-0.15.2+mixin.0.8.7.jar%23138!/ Service=ModLauncher Env=CLIENT
[02:26:23] [pool-2-thread-1/INFO] [EARLYDISPLAY/]: GL info: NVIDIA GeForce RTX 3070 Laptop GPU/PCIe/SSE2 GL version 4.6.0 NVIDIA 581.80, NVIDIA Corporation
[02:26:23] [main/INFO] [ne.ne.fm.lo.mo.lo.JarInJarDependencyLocator/]: Found 2 dependencies adding them to mods collection
[02:26:23] [main/INFO] [ne.ne.fm.lo.mo.ModDiscoverer/]: 
     Mod List:
		Name Version (Mod Id)

		Create 6.0.10 (create)
		Create: Nuclear Industry 0.1.0 (create_nuclear_industry)
		Flywheel 1.0.6 (flywheel)
		Just Enough Items 19.27.0.340 (jei)
		Minecraft 1.21.1 (minecraft)
		NeoForge 21.1.219 (neoforge)
		Ponder 1.0.82+mc1.21.1 (ponder)
[02:26:24] [main/INFO] [mixin/]: Compatibility level set to JAVA_21
[02:26:24] [main/INFO] [cp.mo.mo.LaunchServiceHandler/MODLAUNCHER]: Launching target 'forgeclientdev' with arguments [--version, 21.1.219, --gameDir, ., --assetsDir, C:\Users\IKSXH\.gradle\caches\neoformruntime\assets, --assetIndex, 17, --username, CNI01DProbe]
[02:26:24] [main/WARN] [mixin/]: Reference map 'ponder.refmap.json' for ponder-common.mixins.json could not be read. If this is a development environment you can ignore this message
[02:26:25] [main/WARN] [mixin/]: Error loading class: org/jetbrains/annotations/ApiStatus$ScheduledForRemoval (java.lang.ClassNotFoundException: org.jetbrains.annotations.ApiStatus$ScheduledForRemoval)
[02:26:25] [main/INFO] [MixinExtras|Service/]: Initializing MixinExtras via com.llamalad7.mixinextras.service.MixinExtrasServiceImpl(version=0.5.0).
[02:26:26] [Datafixer Bootstrap/INFO] [mojang/DataFixerBuilder]: 229 Datafixer optimizations took 357 milliseconds
[02:26:31] [main/WARN] [minecraft/Commands]: Ambiguity between arguments [teleport, location] and [teleport, destination] with inputs: [0.1 -0.5 .9, 0 0 0]
[02:26:31] [main/WARN] [minecraft/Commands]: Ambiguity between arguments [teleport, location] and [teleport, targets] with inputs: [0.1 -0.5 .9, 0 0 0]
[02:26:31] [main/WARN] [minecraft/Commands]: Ambiguity between arguments [teleport, destination] and [teleport, targets] with inputs: [Player, 0123, @e, dd12be42-52a9-4a91-a8a1-11c01849e498]
[02:26:31] [main/WARN] [minecraft/Commands]: Ambiguity between arguments [teleport, targets] and [teleport, destination] with inputs: [Player, 0123, dd12be42-52a9-4a91-a8a1-11c01849e498]
[02:26:31] [main/WARN] [minecraft/Commands]: Ambiguity between arguments [teleport, targets, location] and [teleport, targets, destination] with inputs: [0.1 -0.5 .9, 0 0 0]
[02:26:31] [Render thread/WARN] [minecraft/VanillaPackResourcesBuilder]: Assets URL 'union:/E:/MyMC/NewMod/Create_NuclearIndustry-ore-acquisition/build/moddev/artifacts/neoforge-21.1.219.jar%23189!/assets/.mcassetsroot' uses unexpected schema
[02:26:31] [Render thread/WARN] [minecraft/VanillaPackResourcesBuilder]: Assets URL 'union:/E:/MyMC/NewMod/Create_NuclearIndustry-ore-acquisition/build/moddev/artifacts/neoforge-21.1.219.jar%23189!/data/.mcassetsroot' uses unexpected schema
[02:26:31] [Render thread/INFO] [mojang/YggdrasilAuthenticationService]: Environment: Environment[sessionHost=https://sessionserver.mojang.com, servicesHost=https://api.minecraftservices.com, name=PROD]
[02:26:31] [Render thread/INFO] [minecraft/Minecraft]: Setting user: CNI01DProbe
[02:26:31] [Render thread/INFO] [minecraft/Minecraft]: Backend library: LWJGL version 3.3.3+5
[02:26:31] [modloading-worker-0/INFO] [ne.ne.ne.co.NeoForgeMod/NEOFORGE-MOD]: NeoForge mod loading, version 21.1.219, for MC 1.21.1
[02:26:31] [modloading-worker-0/INFO] [co.si.cr.Create/]: Create 6.0.10 initializing! Commit hash: ac0c444d9828da3453ae8cc65338e8de063286fb
[02:26:31] [modloading-worker-0/INFO] [me.je.li.lo.PluginCaller/]: Sending ConfigManager...
[02:26:31] [modloading-worker-0/INFO] [me.je.li.lo.PluginCaller/]: Sending ConfigManager took 1.171 milliseconds
[02:26:35] [Render thread/INFO] [ne.ne.ne.ga.GameTestHooks/]: Enabled Gametest Namespaces: [create_nuclear_industry]
[02:26:35] [Render thread/INFO] [minecraft/ReloadableResourceManager]: Reloading ResourceManager: vanilla, mod_resources, mod/flywheel, mod/ponder, mod/create, mod/create_nuclear_industry, mod/neoforge, mod/jei
[02:26:36] [NeoForge Version Check/INFO] [ne.ne.fm.VersionChecker/]: [create] Starting version check at https://api.modrinth.com/updates/create/forge_updates.json?neoforge=only
[02:26:36] [Worker-Main-13/INFO] [minecraft/UnihexProvider]: Found unifont_all_no_pua-15.1.05.hex, loading
[02:26:36] [Worker-Main-14/INFO] [minecraft/UnihexProvider]: Found unifont_jp_patch-15.1.05.hex, loading
[02:26:37] [NeoForge Version Check/INFO] [ne.ne.fm.VersionChecker/]: [create] Found status: OUTDATED Current: 6.0.10 Target: 6.0.10+mc1.21.1
[02:26:37] [Worker-Main-14/WARN] [minecraft/BlockStateModelLoader]: Exception loading blockstate definition: 'create_nuclear_industry:blockstates/compound_coolant.json' missing model for variant: 'create_nuclear_industry:compound_coolant#level=8'
[02:26:37] [Worker-Main-14/WARN] [minecraft/BlockStateModelLoader]: Exception loading blockstate definition: 'create_nuclear_industry:blockstates/compound_coolant.json' missing model for variant: 'create_nuclear_industry:compound_coolant#level=7'
[02:26:37] [Worker-Main-14/WARN] [minecraft/BlockStateModelLoader]: Exception loading blockstate definition: 'create_nuclear_industry:blockstates/compound_coolant.json' missing model for variant: 'create_nuclear_industry:compound_coolant#level=6'
[02:26:37] [Worker-Main-14/WARN] [minecraft/BlockStateModelLoader]: Exception loading blockstate definition: 'create_nuclear_industry:blockstates/compound_coolant.json' missing model for variant: 'create_nuclear_industry:compound_coolant#level=5'
[02:26:37] [Worker-Main-14/WARN] [minecraft/BlockStateModelLoader]: Exception loading blockstate definition: 'create_nuclear_industry:blockstates/compound_coolant.json' missing model for variant: 'create_nuclear_industry:compound_coolant#level=4'
[02:26:37] [Worker-Main-14/WARN] [minecraft/BlockStateModelLoader]: Exception loading blockstate definition: 'create_nuclear_industry:blockstates/compound_coolant.json' missing model for variant: 'create_nuclear_industry:compound_coolant#level=3'
[02:26:37] [Worker-Main-14/WARN] [minecraft/BlockStateModelLoader]: Exception loading blockstate definition: 'create_nuclear_industry:blockstates/compound_coolant.json' missing model for variant: 'create_nuclear_industry:compound_coolant#level=2'
[02:26:37] [Worker-Main-14/WARN] [minecraft/BlockStateModelLoader]: Exception loading blockstate definition: 'create_nuclear_industry:blockstates/compound_coolant.json' missing model for variant: 'create_nuclear_industry:compound_coolant#level=1'
[02:26:37] [Worker-Main-14/WARN] [minecraft/BlockStateModelLoader]: Exception loading blockstate definition: 'create_nuclear_industry:blockstates/compound_coolant.json' missing model for variant: 'create_nuclear_industry:compound_coolant#level=0'
[02:26:37] [Worker-Main-14/WARN] [minecraft/BlockStateModelLoader]: Exception loading blockstate definition: 'create_nuclear_industry:blockstates/compound_coolant.json' missing model for variant: 'create_nuclear_industry:compound_coolant#level=10'
[02:26:37] [Worker-Main-14/WARN] [minecraft/BlockStateModelLoader]: Exception loading blockstate definition: 'create_nuclear_industry:blockstates/compound_coolant.json' missing model for variant: 'create_nuclear_industry:compound_coolant#level=11'
[02:26:37] [Worker-Main-14/WARN] [minecraft/BlockStateModelLoader]: Exception loading blockstate definition: 'create_nuclear_industry:blockstates/compound_coolant.json' missing model for variant: 'create_nuclear_industry:compound_coolant#level=12'
[02:26:37] [Worker-Main-14/WARN] [minecraft/BlockStateModelLoader]: Exception loading blockstate definition: 'create_nuclear_industry:blockstates/compound_coolant.json' missing model for variant: 'create_nuclear_industry:compound_coolant#level=13'
[02:26:37] [Worker-Main-14/WARN] [minecraft/BlockStateModelLoader]: Exception loading blockstate definition: 'create_nuclear_industry:blockstates/compound_coolant.json' missing model for variant: 'create_nuclear_industry:compound_coolant#level=14'
[02:26:37] [Worker-Main-14/WARN] [minecraft/BlockStateModelLoader]: Exception loading blockstate definition: 'create_nuclear_industry:blockstates/compound_coolant.json' missing model for variant: 'create_nuclear_industry:compound_coolant#level=15'
[02:26:37] [Worker-Main-14/WARN] [minecraft/BlockStateModelLoader]: Exception loading blockstate definition: 'create_nuclear_industry:blockstates/compound_coolant.json' missing model for variant: 'create_nuclear_industry:compound_coolant#level=9'
[02:26:37] [Worker-Main-14/WARN] [minecraft/BlockStateModelLoader]: Exception loading blockstate definition: 'create_nuclear_industry:blockstates/uranium_slurry.json' missing model for variant: 'create_nuclear_industry:uranium_slurry#level=8'
[02:26:37] [Worker-Main-14/WARN] [minecraft/BlockStateModelLoader]: Exception loading blockstate definition: 'create_nuclear_industry:blockstates/uranium_slurry.json' missing model for variant: 'create_nuclear_industry:uranium_slurry#level=9'
[02:26:37] [Worker-Main-14/WARN] [minecraft/BlockStateModelLoader]: Exception loading blockstate definition: 'create_nuclear_industry:blockstates/uranium_slurry.json' missing model for variant: 'create_nuclear_industry:uranium_slurry#level=4'
[02:26:37] [Worker-Main-14/WARN] [minecraft/BlockStateModelLoader]: Exception loading blockstate definition: 'create_nuclear_industry:blockstates/uranium_slurry.json' missing model for variant: 'create_nuclear_industry:uranium_slurry#level=5'
[02:26:37] [Worker-Main-14/WARN] [minecraft/BlockStateModelLoader]: Exception loading blockstate definition: 'create_nuclear_industry:blockstates/uranium_slurry.json' missing model for variant: 'create_nuclear_industry:uranium_slurry#level=6'
[02:26:37] [Worker-Main-14/WARN] [minecraft/BlockStateModelLoader]: Exception loading blockstate definition: 'create_nuclear_industry:blockstates/uranium_slurry.json' missing model for variant: 'create_nuclear_industry:uranium_slurry#level=7'
[02:26:37] [Worker-Main-14/WARN] [minecraft/BlockStateModelLoader]: Exception loading blockstate definition: 'create_nuclear_industry:blockstates/uranium_slurry.json' missing model for variant: 'create_nuclear_industry:uranium_slurry#level=13'
[02:26:37] [Worker-Main-14/WARN] [minecraft/BlockStateModelLoader]: Exception loading blockstate definition: 'create_nuclear_industry:blockstates/uranium_slurry.json' missing model for variant: 'create_nuclear_industry:uranium_slurry#level=14'
[02:26:37] [Worker-Main-14/WARN] [minecraft/BlockStateModelLoader]: Exception loading blockstate definition: 'create_nuclear_industry:blockstates/uranium_slurry.json' missing model for variant: 'create_nuclear_industry:uranium_slurry#level=15'
[02:26:37] [Worker-Main-14/WARN] [minecraft/BlockStateModelLoader]: Exception loading blockstate definition: 'create_nuclear_industry:blockstates/uranium_slurry.json' missing model for variant: 'create_nuclear_industry:uranium_slurry#level=10'
[02:26:37] [Worker-Main-14/WARN] [minecraft/BlockStateModelLoader]: Exception loading blockstate definition: 'create_nuclear_industry:blockstates/uranium_slurry.json' missing model for variant: 'create_nuclear_industry:uranium_slurry#level=11'
[02:26:37] [Worker-Main-14/WARN] [minecraft/BlockStateModelLoader]: Exception loading blockstate definition: 'create_nuclear_industry:blockstates/uranium_slurry.json' missing model for variant: 'create_nuclear_industry:uranium_slurry#level=12'
[02:26:37] [Worker-Main-14/WARN] [minecraft/BlockStateModelLoader]: Exception loading blockstate definition: 'create_nuclear_industry:blockstates/uranium_slurry.json' missing model for variant: 'create_nuclear_industry:uranium_slurry#level=0'
[02:26:37] [Worker-Main-14/WARN] [minecraft/BlockStateModelLoader]: Exception loading blockstate definition: 'create_nuclear_industry:blockstates/uranium_slurry.json' missing model for variant: 'create_nuclear_industry:uranium_slurry#level=1'
[02:26:37] [Worker-Main-14/WARN] [minecraft/BlockStateModelLoader]: Exception loading blockstate definition: 'create_nuclear_industry:blockstates/uranium_slurry.json' missing model for variant: 'create_nuclear_industry:uranium_slurry#level=2'
[02:26:37] [Worker-Main-14/WARN] [minecraft/BlockStateModelLoader]: Exception loading blockstate definition: 'create_nuclear_industry:blockstates/uranium_slurry.json' missing model for variant: 'create_nuclear_industry:uranium_slurry#level=3'
[02:26:39] [Worker-Main-15/INFO] [PonderIndex/]: Registering Ponder Scenes took 58.84 ms
[02:26:39] [Worker-Main-15/INFO] [PonderIndex/]: Registering Ponder Tags took 3.728 ms
[02:26:39] [Render thread/WARN] [minecraft/SoundEngine]: Missing sound for event: minecraft:item.goat_horn.play
[02:26:39] [Render thread/WARN] [minecraft/SoundEngine]: Missing sound for event: minecraft:entity.goat.screaming.horn_break
[02:26:39] [Render thread/INFO] [mojang/Library]: OpenAL initialized on device OpenAL Soft on 耳机 (CX31993 HIFI AUDIO)
[02:26:39] [Render thread/INFO] [minecraft/SoundEngine]: Sound engine started
[02:26:39] [Render thread/INFO] [minecraft/TextureAtlas]: Created: 2048x1024x4 minecraft:textures/atlas/blocks.png-atlas
[02:26:39] [Render thread/INFO] [minecraft/TextureAtlas]: Created: 256x256x4 minecraft:textures/atlas/signs.png-atlas
[02:26:39] [Render thread/INFO] [minecraft/TextureAtlas]: Created: 512x512x4 minecraft:textures/atlas/banner_patterns.png-atlas
[02:26:39] [Render thread/INFO] [minecraft/TextureAtlas]: Created: 512x512x4 minecraft:textures/atlas/shield_patterns.png-atlas
[02:26:39] [Render thread/INFO] [minecraft/TextureAtlas]: Created: 2048x1024x4 minecraft:textures/atlas/armor_trims.png-atlas
[02:26:39] [Render thread/INFO] [minecraft/TextureAtlas]: Created: 256x256x4 minecraft:textures/atlas/chest.png-atlas
[02:26:39] [Render thread/INFO] [minecraft/TextureAtlas]: Created: 128x64x4 minecraft:textures/atlas/decorated_pot.png-atlas
[02:26:39] [Render thread/INFO] [minecraft/TextureAtlas]: Created: 512x256x4 minecraft:textures/atlas/beds.png-atlas
[02:26:39] [Render thread/INFO] [minecraft/TextureAtlas]: Created: 512x256x4 minecraft:textures/atlas/shulker_boxes.png-atlas
[02:26:39] [Render thread/INFO] [minecraft/TextureAtlas]: Created: 512x256x0 minecraft:textures/atlas/particles.png-atlas
[02:26:39] [Render thread/INFO] [minecraft/TextureAtlas]: Created: 512x256x0 minecraft:textures/atlas/paintings.png-atlas
[02:26:39] [Render thread/INFO] [minecraft/TextureAtlas]: Created: 256x128x0 minecraft:textures/atlas/mob_effects.png-atlas
[02:26:39] [Render thread/INFO] [minecraft/TextureAtlas]: Created: 64x64x0 minecraft:textures/atlas/map_decorations.png-atlas
[02:26:39] [Render thread/INFO] [minecraft/TextureAtlas]: Created: 1024x512x0 minecraft:textures/atlas/gui.png-atlas
[02:26:39] [Render thread/WARN] [minecraft/ShaderInstance]: Shader rendertype_entity_translucent_emissive could not find sampler named Sampler2 in the specified shader program.
[02:26:39] [Render thread/INFO] [flywheel/backend/shaders/]: Loaded 77 shader sources in 17.139 ms
[02:26:39] [Render thread/INFO] [co.si.cr.Create/]: Loaded 58 train hat configurations.
[02:26:39] [Render thread/INFO] [ne.ne.ne.cl.en.an.js.AnimationLoader/]: Loaded 0 entity animations
[02:26:39] [Render thread/INFO] [minecraft/TextureAtlas]: Created: 256x256x0 jei:textures/atlas/gui.png-atlas
[02:27:40] [Render thread/INFO] [minecraft/Minecraft]: Stopping!

BUILD SUCCESSFUL in 1m 20s
7 actionable tasks: 1 executed, 6 up-to-date
Consider enabling configuration cache to speed up this build: https://docs.gradle.org/9.0.0/userguide/configuration_cache_enabling.html
