[0510月2026 02:26:22.438] [main/INFO] [cpw.mods.modlauncher.Launcher/MODLAUNCHER]: ModLauncher running: args [--launchTarget, forgeclientdev, --version, 21.1.219, --assetIndex, 17, --assetsDir, C:\\Users\\IKSXH\\.gradle\\caches\\neoformruntime\\assets, --gameDir, ., --fml.fmlVersion, 4.0.42, --fml.mcVersion, 1.21.1, --fml.neoForgeVersion, 21.1.219, --fml.neoFormVersion, 20240808.144430, --username, CNI01DProbe]
[0510月2026 02:26:22.441] [main/INFO] [cpw.mods.modlauncher.Launcher/MODLAUNCHER]: JVM identified as Oracle Corporation Java HotSpot(TM) 64-Bit Server VM 21.0.7+8-LTS-245
[0510月2026 02:26:22.443] [main/INFO] [cpw.mods.modlauncher.Launcher/MODLAUNCHER]: ModLauncher 11.0.5+main.901c6ea8 starting: java version 21.0.7 by Oracle Corporation; OS Windows 10 arch amd64 version 10.0
[0510月2026 02:26:22.538] [main/INFO] [net.neoforged.fml.loading.ImmediateWindowHandler/]: Loading ImmediateWindowProvider fmlearlywindow
[0510月2026 02:26:22.640] [main/INFO] [EARLYDISPLAY/]: Trying GL version 4.6
[0510月2026 02:26:22.878] [main/INFO] [EARLYDISPLAY/]: Requested GL version 4.6 got version 4.6
[0510月2026 02:26:22.949] [main/INFO] [mixin/]: SpongePowered MIXIN Subsystem Version=0.8.7 Source=union:/C:/Users/IKSXH/.gradle/caches/modules-2/files-2.1/net.fabricmc/sponge-mixin/0.15.2+mixin.0.8.7/2af2f021d8e02a0220dc27a7a72b4666d66d44ca/sponge-mixin-0.15.2+mixin.0.8.7.jar%23138!/ Service=ModLauncher Env=CLIENT
[0510月2026 02:26:23.157] [pool-2-thread-1/INFO] [EARLYDISPLAY/]: GL info: NVIDIA GeForce RTX 3070 Laptop GPU/PCIe/SSE2 GL version 4.6.0 NVIDIA 581.80, NVIDIA Corporation
[0510月2026 02:26:23.359] [main/INFO] [net.neoforged.fml.loading.moddiscovery.locators.JarInJarDependencyLocator/]: Found 2 dependencies adding them to mods collection
[0510月2026 02:26:23.360] [main/INFO] [net.neoforged.fml.loading.moddiscovery.ModDiscoverer/]: 
     Mod List:
		Name Version (Mod Id)

		Create 6.0.10 (create)
		Create: Nuclear Industry 0.1.0 (create_nuclear_industry)
		Flywheel 1.0.6 (flywheel)
		Just Enough Items 19.27.0.340 (jei)
		Minecraft 1.21.1 (minecraft)
		NeoForge 21.1.219 (neoforge)
		Ponder 1.0.82+mc1.21.1 (ponder)
[0510月2026 02:26:24.588] [main/INFO] [mixin/]: Compatibility level set to JAVA_21
[0510月2026 02:26:24.598] [main/INFO] [cpw.mods.modlauncher.LaunchServiceHandler/MODLAUNCHER]: Launching target 'forgeclientdev' with arguments [--version, 21.1.219, --gameDir, ., --assetsDir, C:\Users\IKSXH\.gradle\caches\neoformruntime\assets, --assetIndex, 17, --username, CNI01DProbe]
[0510月2026 02:26:24.646] [main/WARN] [mixin/]: Reference map 'ponder.refmap.json' for ponder-common.mixins.json could not be read. If this is a development environment you can ignore this message
[0510月2026 02:26:25.112] [main/WARN] [mixin/]: Error loading class: org/jetbrains/annotations/ApiStatus$ScheduledForRemoval (java.lang.ClassNotFoundException: org.jetbrains.annotations.ApiStatus$ScheduledForRemoval)
[0510月2026 02:26:25.159] [main/INFO] [MixinExtras|Service/]: Initializing MixinExtras via com.llamalad7.mixinextras.service.MixinExtrasServiceImpl(version=0.5.0).
[0510月2026 02:26:26.660] [Datafixer Bootstrap/INFO] [com.mojang.datafixers.DataFixerBuilder/]: 229 Datafixer optimizations took 357 milliseconds
[0510月2026 02:26:31.261] [main/WARN] [net.minecraft.commands.Commands/]: Ambiguity between arguments [teleport, location] and [teleport, destination] with inputs: [0.1 -0.5 .9, 0 0 0]
[0510月2026 02:26:31.263] [main/WARN] [net.minecraft.commands.Commands/]: Ambiguity between arguments [teleport, location] and [teleport, targets] with inputs: [0.1 -0.5 .9, 0 0 0]
[0510月2026 02:26:31.267] [main/WARN] [net.minecraft.commands.Commands/]: Ambiguity between arguments [teleport, destination] and [teleport, targets] with inputs: [Player, 0123, @e, dd12be42-52a9-4a91-a8a1-11c01849e498]
[0510月2026 02:26:31.268] [main/WARN] [net.minecraft.commands.Commands/]: Ambiguity between arguments [teleport, targets] and [teleport, destination] with inputs: [Player, 0123, dd12be42-52a9-4a91-a8a1-11c01849e498]
[0510月2026 02:26:31.269] [main/WARN] [net.minecraft.commands.Commands/]: Ambiguity between arguments [teleport, targets, location] and [teleport, targets, destination] with inputs: [0.1 -0.5 .9, 0 0 0]
[0510月2026 02:26:31.397] [Render thread/WARN] [net.minecraft.server.packs.VanillaPackResourcesBuilder/]: Assets URL 'union:/E:/MyMC/NewMod/Create_NuclearIndustry-ore-acquisition/build/moddev/artifacts/neoforge-21.1.219.jar%23189!/assets/.mcassetsroot' uses unexpected schema
[0510月2026 02:26:31.397] [Render thread/WARN] [net.minecraft.server.packs.VanillaPackResourcesBuilder/]: Assets URL 'union:/E:/MyMC/NewMod/Create_NuclearIndustry-ore-acquisition/build/moddev/artifacts/neoforge-21.1.219.jar%23189!/data/.mcassetsroot' uses unexpected schema
[0510月2026 02:26:31.426] [Render thread/INFO] [com.mojang.authlib.yggdrasil.YggdrasilAuthenticationService/]: Environment: Environment[sessionHost=https://sessionserver.mojang.com, servicesHost=https://api.minecraftservices.com, name=PROD]
[0510月2026 02:26:31.435] [Render thread/INFO] [net.minecraft.client.Minecraft/]: Setting user: CNI01DProbe
[0510月2026 02:26:31.518] [Render thread/INFO] [net.minecraft.client.Minecraft/]: Backend library: LWJGL version 3.3.3+5
[0510月2026 02:26:31.717] [modloading-worker-0/INFO] [net.neoforged.neoforge.common.NeoForgeMod/NEOFORGE-MOD]: NeoForge mod loading, version 21.1.219, for MC 1.21.1
[0510月2026 02:26:31.775] [modloading-worker-0/INFO] [com.simibubi.create.Create/]: Create 6.0.10 initializing! Commit hash: ac0c444d9828da3453ae8cc65338e8de063286fb
[0510月2026 02:26:31.778] [modloading-worker-0/INFO] [mezz.jei.library.load.PluginCaller/]: Sending ConfigManager...
[0510月2026 02:26:31.780] [modloading-worker-0/INFO] [mezz.jei.library.load.PluginCaller/]: Sending ConfigManager took 1.171 milliseconds
[0510月2026 02:26:35.596] [Render thread/INFO] [net.neoforged.neoforge.gametest.GameTestHooks/]: Enabled Gametest Namespaces: [create_nuclear_industry]
[0510月2026 02:26:35.921] [Render thread/INFO] [net.minecraft.server.packs.resources.ReloadableResourceManager/]: Reloading ResourceManager: vanilla, mod_resources, mod/flywheel, mod/ponder, mod/create, mod/create_nuclear_industry, mod/neoforge, mod/jei
[0510月2026 02:26:36.001] [NeoForge Version Check/INFO] [net.neoforged.fml.VersionChecker/]: [create] Starting version check at https://api.modrinth.com/updates/create/forge_updates.json?neoforge=only
[0510月2026 02:26:36.028] [Worker-Main-13/INFO] [net.minecraft.client.gui.font.providers.UnihexProvider/]: Found unifont_all_no_pua-15.1.05.hex, loading
[0510月2026 02:26:36.100] [Worker-Main-14/INFO] [net.minecraft.client.gui.font.providers.UnihexProvider/]: Found unifont_jp_patch-15.1.05.hex, loading
[0510月2026 02:26:37.182] [NeoForge Version Check/INFO] [net.neoforged.fml.VersionChecker/]: [create] Found status: OUTDATED Current: 6.0.10 Target: 6.0.10+mc1.21.1
[0510月2026 02:26:37.758] [Worker-Main-14/WARN] [net.minecraft.client.resources.model.BlockStateModelLoader/]: Exception loading blockstate definition: 'create_nuclear_industry:blockstates/compound_coolant.json' missing model for variant: 'create_nuclear_industry:compound_coolant#level=8'
[0510月2026 02:26:37.758] [Worker-Main-14/WARN] [net.minecraft.client.resources.model.BlockStateModelLoader/]: Exception loading blockstate definition: 'create_nuclear_industry:blockstates/compound_coolant.json' missing model for variant: 'create_nuclear_industry:compound_coolant#level=7'
[0510月2026 02:26:37.758] [Worker-Main-14/WARN] [net.minecraft.client.resources.model.BlockStateModelLoader/]: Exception loading blockstate definition: 'create_nuclear_industry:blockstates/compound_coolant.json' missing model for variant: 'create_nuclear_industry:compound_coolant#level=6'
[0510月2026 02:26:37.759] [Worker-Main-14/WARN] [net.minecraft.client.resources.model.BlockStateModelLoader/]: Exception loading blockstate definition: 'create_nuclear_industry:blockstates/compound_coolant.json' missing model for variant: 'create_nuclear_industry:compound_coolant#level=5'
[0510月2026 02:26:37.759] [Worker-Main-14/WARN] [net.minecraft.client.resources.model.BlockStateModelLoader/]: Exception loading blockstate definition: 'create_nuclear_industry:blockstates/compound_coolant.json' missing model for variant: 'create_nuclear_industry:compound_coolant#level=4'
[0510月2026 02:26:37.759] [Worker-Main-14/WARN] [net.minecraft.client.resources.model.BlockStateModelLoader/]: Exception loading blockstate definition: 'create_nuclear_industry:blockstates/compound_coolant.json' missing model for variant: 'create_nuclear_industry:compound_coolant#level=3'
[0510月2026 02:26:37.760] [Worker-Main-14/WARN] [net.minecraft.client.resources.model.BlockStateModelLoader/]: Exception loading blockstate definition: 'create_nuclear_industry:blockstates/compound_coolant.json' missing model for variant: 'create_nuclear_industry:compound_coolant#level=2'
[0510月2026 02:26:37.760] [Worker-Main-14/WARN] [net.minecraft.client.resources.model.BlockStateModelLoader/]: Exception loading blockstate definition: 'create_nuclear_industry:blockstates/compound_coolant.json' missing model for variant: 'create_nuclear_industry:compound_coolant#level=1'
[0510月2026 02:26:37.761] [Worker-Main-14/WARN] [net.minecraft.client.resources.model.BlockStateModelLoader/]: Exception loading blockstate definition: 'create_nuclear_industry:blockstates/compound_coolant.json' missing model for variant: 'create_nuclear_industry:compound_coolant#level=0'
[0510月2026 02:26:37.761] [Worker-Main-14/WARN] [net.minecraft.client.resources.model.BlockStateModelLoader/]: Exception loading blockstate definition: 'create_nuclear_industry:blockstates/compound_coolant.json' missing model for variant: 'create_nuclear_industry:compound_coolant#level=10'
[0510月2026 02:26:37.761] [Worker-Main-14/WARN] [net.minecraft.client.resources.model.BlockStateModelLoader/]: Exception loading blockstate definition: 'create_nuclear_industry:blockstates/compound_coolant.json' missing model for variant: 'create_nuclear_industry:compound_coolant#level=11'
[0510月2026 02:26:37.761] [Worker-Main-14/WARN] [net.minecraft.client.resources.model.BlockStateModelLoader/]: Exception loading blockstate definition: 'create_nuclear_industry:blockstates/compound_coolant.json' missing model for variant: 'create_nuclear_industry:compound_coolant#level=12'
[0510月2026 02:26:37.761] [Worker-Main-14/WARN] [net.minecraft.client.resources.model.BlockStateModelLoader/]: Exception loading blockstate definition: 'create_nuclear_industry:blockstates/compound_coolant.json' missing model for variant: 'create_nuclear_industry:compound_coolant#level=13'
[0510月2026 02:26:37.761] [Worker-Main-14/WARN] [net.minecraft.client.resources.model.BlockStateModelLoader/]: Exception loading blockstate definition: 'create_nuclear_industry:blockstates/compound_coolant.json' missing model for variant: 'create_nuclear_industry:compound_coolant#level=14'
[0510月2026 02:26:37.762] [Worker-Main-14/WARN] [net.minecraft.client.resources.model.BlockStateModelLoader/]: Exception loading blockstate definition: 'create_nuclear_industry:blockstates/compound_coolant.json' missing model for variant: 'create_nuclear_industry:compound_coolant#level=15'
[0510月2026 02:26:37.762] [Worker-Main-14/WARN] [net.minecraft.client.resources.model.BlockStateModelLoader/]: Exception loading blockstate definition: 'create_nuclear_industry:blockstates/compound_coolant.json' missing model for variant: 'create_nuclear_industry:compound_coolant#level=9'
[0510月2026 02:26:37.763] [Worker-Main-14/WARN] [net.minecraft.client.resources.model.BlockStateModelLoader/]: Exception loading blockstate definition: 'create_nuclear_industry:blockstates/uranium_slurry.json' missing model for variant: 'create_nuclear_industry:uranium_slurry#level=8'
[0510月2026 02:26:37.764] [Worker-Main-14/WARN] [net.minecraft.client.resources.model.BlockStateModelLoader/]: Exception loading blockstate definition: 'create_nuclear_industry:blockstates/uranium_slurry.json' missing model for variant: 'create_nuclear_industry:uranium_slurry#level=9'
[0510月2026 02:26:37.764] [Worker-Main-14/WARN] [net.minecraft.client.resources.model.BlockStateModelLoader/]: Exception loading blockstate definition: 'create_nuclear_industry:blockstates/uranium_slurry.json' missing model for variant: 'create_nuclear_industry:uranium_slurry#level=4'
[0510月2026 02:26:37.764] [Worker-Main-14/WARN] [net.minecraft.client.resources.model.BlockStateModelLoader/]: Exception loading blockstate definition: 'create_nuclear_industry:blockstates/uranium_slurry.json' missing model for variant: 'create_nuclear_industry:uranium_slurry#level=5'
[0510月2026 02:26:37.764] [Worker-Main-14/WARN] [net.minecraft.client.resources.model.BlockStateModelLoader/]: Exception loading blockstate definition: 'create_nuclear_industry:blockstates/uranium_slurry.json' missing model for variant: 'create_nuclear_industry:uranium_slurry#level=6'
[0510月2026 02:26:37.764] [Worker-Main-14/WARN] [net.minecraft.client.resources.model.BlockStateModelLoader/]: Exception loading blockstate definition: 'create_nuclear_industry:blockstates/uranium_slurry.json' missing model for variant: 'create_nuclear_industry:uranium_slurry#level=7'
[0510月2026 02:26:37.764] [Worker-Main-14/WARN] [net.minecraft.client.resources.model.BlockStateModelLoader/]: Exception loading blockstate definition: 'create_nuclear_industry:blockstates/uranium_slurry.json' missing model for variant: 'create_nuclear_industry:uranium_slurry#level=13'
[0510月2026 02:26:37.764] [Worker-Main-14/WARN] [net.minecraft.client.resources.model.BlockStateModelLoader/]: Exception loading blockstate definition: 'create_nuclear_industry:blockstates/uranium_slurry.json' missing model for variant: 'create_nuclear_industry:uranium_slurry#level=14'
[0510月2026 02:26:37.765] [Worker-Main-14/WARN] [net.minecraft.client.resources.model.BlockStateModelLoader/]: Exception loading blockstate definition: 'create_nuclear_industry:blockstates/uranium_slurry.json' missing model for variant: 'create_nuclear_industry:uranium_slurry#level=15'
[0510月2026 02:26:37.765] [Worker-Main-14/WARN] [net.minecraft.client.resources.model.BlockStateModelLoader/]: Exception loading blockstate definition: 'create_nuclear_industry:blockstates/uranium_slurry.json' missing model for variant: 'create_nuclear_industry:uranium_slurry#level=10'
[0510月2026 02:26:37.765] [Worker-Main-14/WARN] [net.minecraft.client.resources.model.BlockStateModelLoader/]: Exception loading blockstate definition: 'create_nuclear_industry:blockstates/uranium_slurry.json' missing model for variant: 'create_nuclear_industry:uranium_slurry#level=11'
[0510月2026 02:26:37.765] [Worker-Main-14/WARN] [net.minecraft.client.resources.model.BlockStateModelLoader/]: Exception loading blockstate definition: 'create_nuclear_industry:blockstates/uranium_slurry.json' missing model for variant: 'create_nuclear_industry:uranium_slurry#level=12'
[0510月2026 02:26:37.765] [Worker-Main-14/WARN] [net.minecraft.client.resources.model.BlockStateModelLoader/]: Exception loading blockstate definition: 'create_nuclear_industry:blockstates/uranium_slurry.json' missing model for variant: 'create_nuclear_industry:uranium_slurry#level=0'
[0510月2026 02:26:37.765] [Worker-Main-14/WARN] [net.minecraft.client.resources.model.BlockStateModelLoader/]: Exception loading blockstate definition: 'create_nuclear_industry:blockstates/uranium_slurry.json' missing model for variant: 'create_nuclear_industry:uranium_slurry#level=1'
[0510月2026 02:26:37.766] [Worker-Main-14/WARN] [net.minecraft.client.resources.model.BlockStateModelLoader/]: Exception loading blockstate definition: 'create_nuclear_industry:blockstates/uranium_slurry.json' missing model for variant: 'create_nuclear_industry:uranium_slurry#level=2'
[0510月2026 02:26:37.766] [Worker-Main-14/WARN] [net.minecraft.client.resources.model.BlockStateModelLoader/]: Exception loading blockstate definition: 'create_nuclear_industry:blockstates/uranium_slurry.json' missing model for variant: 'create_nuclear_industry:uranium_slurry#level=3'
[0510月2026 02:26:39.256] [Worker-Main-15/INFO] [PonderIndex/]: Registering Ponder Scenes took 58.84 ms
[0510月2026 02:26:39.261] [Worker-Main-15/INFO] [PonderIndex/]: Registering Ponder Tags took 3.728 ms
[0510月2026 02:26:39.371] [Render thread/WARN] [net.minecraft.client.sounds.SoundEngine/]: Missing sound for event: minecraft:item.goat_horn.play
[0510月2026 02:26:39.371] [Render thread/WARN] [net.minecraft.client.sounds.SoundEngine/]: Missing sound for event: minecraft:entity.goat.screaming.horn_break
[0510月2026 02:26:39.413] [Render thread/INFO] [com.mojang.blaze3d.audio.Library/]: OpenAL initialized on device OpenAL Soft on 耳机 (CX31993 HIFI AUDIO)
[0510月2026 02:26:39.413] [Render thread/INFO] [net.minecraft.client.sounds.SoundEngine/SOUNDS]: Sound engine started
[0510月2026 02:26:39.501] [Render thread/INFO] [net.minecraft.client.renderer.texture.TextureAtlas/]: Created: 2048x1024x4 minecraft:textures/atlas/blocks.png-atlas
[0510月2026 02:26:39.511] [Render thread/INFO] [net.minecraft.client.renderer.texture.TextureAtlas/]: Created: 256x256x4 minecraft:textures/atlas/signs.png-atlas
[0510月2026 02:26:39.511] [Render thread/INFO] [net.minecraft.client.renderer.texture.TextureAtlas/]: Created: 512x512x4 minecraft:textures/atlas/banner_patterns.png-atlas
[0510月2026 02:26:39.511] [Render thread/INFO] [net.minecraft.client.renderer.texture.TextureAtlas/]: Created: 512x512x4 minecraft:textures/atlas/shield_patterns.png-atlas
[0510月2026 02:26:39.512] [Render thread/INFO] [net.minecraft.client.renderer.texture.TextureAtlas/]: Created: 2048x1024x4 minecraft:textures/atlas/armor_trims.png-atlas
[0510月2026 02:26:39.517] [Render thread/INFO] [net.minecraft.client.renderer.texture.TextureAtlas/]: Created: 256x256x4 minecraft:textures/atlas/chest.png-atlas
[0510月2026 02:26:39.518] [Render thread/INFO] [net.minecraft.client.renderer.texture.TextureAtlas/]: Created: 128x64x4 minecraft:textures/atlas/decorated_pot.png-atlas
[0510月2026 02:26:39.519] [Render thread/INFO] [net.minecraft.client.renderer.texture.TextureAtlas/]: Created: 512x256x4 minecraft:textures/atlas/beds.png-atlas
[0510月2026 02:26:39.519] [Render thread/INFO] [net.minecraft.client.renderer.texture.TextureAtlas/]: Created: 512x256x4 minecraft:textures/atlas/shulker_boxes.png-atlas
[0510月2026 02:26:39.580] [Render thread/INFO] [net.minecraft.client.renderer.texture.TextureAtlas/]: Created: 512x256x0 minecraft:textures/atlas/particles.png-atlas
[0510月2026 02:26:39.581] [Render thread/INFO] [net.minecraft.client.renderer.texture.TextureAtlas/]: Created: 512x256x0 minecraft:textures/atlas/paintings.png-atlas
[0510月2026 02:26:39.582] [Render thread/INFO] [net.minecraft.client.renderer.texture.TextureAtlas/]: Created: 256x128x0 minecraft:textures/atlas/mob_effects.png-atlas
[0510月2026 02:26:39.582] [Render thread/INFO] [net.minecraft.client.renderer.texture.TextureAtlas/]: Created: 64x64x0 minecraft:textures/atlas/map_decorations.png-atlas
[0510月2026 02:26:39.582] [Render thread/INFO] [net.minecraft.client.renderer.texture.TextureAtlas/]: Created: 1024x512x0 minecraft:textures/atlas/gui.png-atlas
[0510月2026 02:26:39.600] [Render thread/WARN] [net.minecraft.client.renderer.ShaderInstance/]: Shader rendertype_entity_translucent_emissive could not find sampler named Sampler2 in the specified shader program.
[0510月2026 02:26:39.663] [Render thread/INFO] [flywheel/backend/shaders/]: Loaded 77 shader sources in 17.139 ms
[0510月2026 02:26:39.683] [Render thread/INFO] [com.simibubi.create.Create/]: Loaded 58 train hat configurations.
[0510月2026 02:26:39.684] [Render thread/INFO] [net.neoforged.neoforge.client.entity.animation.json.AnimationLoader/]: Loaded 0 entity animations
[0510月2026 02:26:39.684] [Render thread/INFO] [net.minecraft.client.renderer.texture.TextureAtlas/]: Created: 256x256x0 jei:textures/atlas/gui.png-atlas
[0510月2026 02:27:40.093] [Render thread/INFO] [net.minecraft.client.Minecraft/]: Stopping!
