> Task :createMinecraftArtifacts UP-TO-DATE
> Task :compileJava
> Task :processResources
> Task :classes
> Task :downloadAssets UP-TO-DATE
> Task :writeGameTestServerLegacyClasspath UP-TO-DATE
> Task :prepareGameTestServerRun UP-TO-DATE

> Task :runGameTestServer
WARN StatusConsoleListener Advanced terminal features are not available in this environment
[22:46:21] [main/INFO] [cp.mo.mo.Launcher/MODLAUNCHER]: ModLauncher running: args [--launchTarget, forgeserverdev, --gameDir, ., --fml.fmlVersion, 4.0.42, --fml.mcVersion, 1.21.1, --fml.neoForgeVersion, 21.1.219, --fml.neoFormVersion, 20240808.144430]
[22:46:21] [main/INFO] [cp.mo.mo.Launcher/MODLAUNCHER]: JVM identified as Oracle Corporation Java HotSpot(TM) 64-Bit Server VM 21.0.7+8-LTS-245
[22:46:21] [main/INFO] [cp.mo.mo.Launcher/MODLAUNCHER]: ModLauncher 11.0.5+main.901c6ea8 starting: java version 21.0.7 by Oracle Corporation; OS Windows 10 arch amd64 version 10.0
[22:46:21] [main/INFO] [ne.ne.fm.lo.ImmediateWindowHandler/]: ImmediateWindowProvider not loading because launch target is forgeserverdev
[22:46:21] [main/INFO] [mixin/]: SpongePowered MIXIN Subsystem Version=0.8.7 Source=union:/C:/Users/IKSXH/.gradle/caches/modules-2/files-2.1/net.fabricmc/sponge-mixin/0.15.2+mixin.0.8.7/2af2f021d8e02a0220dc27a7a72b4666d66d44ca/sponge-mixin-0.15.2+mixin.0.8.7.jar%2394!/ Service=ModLauncher Env=SERVER
[22:46:22] [main/INFO] [ne.ne.fm.lo.mo.lo.JarInJarDependencyLocator/]: Found 2 dependencies adding them to mods collection
[22:46:22] [main/INFO] [ne.ne.fm.lo.mo.ModDiscoverer/]: 
     Mod List:
		Name Version (Mod Id)

		Create 6.0.10 (create)
		Create: Nuclear Industry 0.1.0 (create_nuclear_industry)
		Flywheel 1.0.6 (flywheel)
		Minecraft 1.21.1 (minecraft)
		NeoForge 21.1.219 (neoforge)
		Ponder 1.0.82+mc1.21.1 (ponder)
[22:46:23] [main/INFO] [mixin/]: Compatibility level set to JAVA_21
[22:46:23] [main/INFO] [cp.mo.mo.LaunchServiceHandler/MODLAUNCHER]: Launching target 'forgeserverdev' with arguments [--gameDir, .]
[22:46:23] [main/WARN] [mixin/]: Reference map 'ponder.refmap.json' for ponder-common.mixins.json could not be read. If this is a development environment you can ignore this message
[22:46:24] [main/WARN] [mixin/]: Error loading class: org/jetbrains/annotations/ApiStatus$ScheduledForRemoval (java.lang.ClassNotFoundException: org.jetbrains.annotations.ApiStatus$ScheduledForRemoval)
[22:46:24] [main/INFO] [MixinExtras|Service/]: Initializing MixinExtras via com.llamalad7.mixinextras.service.MixinExtrasServiceImpl(version=0.5.0).
[22:46:30] [main/WARN] [minecraft/Commands]: Ambiguity between arguments [teleport, location] and [teleport, destination] with inputs: [0.1 -0.5 .9, 0 0 0]
[22:46:30] [main/WARN] [minecraft/Commands]: Ambiguity between arguments [teleport, location] and [teleport, targets] with inputs: [0.1 -0.5 .9, 0 0 0]
[22:46:30] [main/WARN] [minecraft/Commands]: Ambiguity between arguments [teleport, destination] and [teleport, targets] with inputs: [Player, 0123, @e, dd12be42-52a9-4a91-a8a1-11c01849e498]
[22:46:30] [main/WARN] [minecraft/Commands]: Ambiguity between arguments [teleport, targets] and [teleport, destination] with inputs: [Player, 0123, dd12be42-52a9-4a91-a8a1-11c01849e498]
[22:46:30] [main/WARN] [minecraft/Commands]: Ambiguity between arguments [teleport, targets, location] and [teleport, targets, destination] with inputs: [0.1 -0.5 .9, 0 0 0]
[22:46:30] [modloading-worker-0/INFO] [ne.ne.ne.co.NeoForgeMod/NEOFORGE-MOD]: NeoForge mod loading, version 21.1.219, for MC 1.21.1
[22:46:30] [modloading-worker-0/INFO] [co.si.cr.Create/]: Create 6.0.10 initializing! Commit hash: ac0c444d9828da3453ae8cc65338e8de063286fb
[22:46:32] [main/ERROR] [minecraft/Settings]: Failed to load properties from file: server.properties
java.nio.file.NoSuchFileException: server.properties
	at java.base/sun.nio.fs.WindowsException.translateToIOException(WindowsException.java:85) ~[?:?] {}
	at java.base/sun.nio.fs.WindowsException.rethrowAsIOException(WindowsException.java:103) ~[?:?] {}
	at java.base/sun.nio.fs.WindowsException.rethrowAsIOException(WindowsException.java:108) ~[?:?] {}
	at java.base/sun.nio.fs.WindowsFileSystemProvider.newByteChannel(WindowsFileSystemProvider.java:234) ~[?:?] {}
	at java.base/java.nio.file.Files.newByteChannel(Files.java:379) ~[?:?] {}
	at java.base/java.nio.file.Files.newByteChannel(Files.java:431) ~[?:?] {}
	at java.base/java.nio.file.spi.FileSystemProvider.newInputStream(FileSystemProvider.java:420) ~[?:?] {}
	at java.base/java.nio.file.Files.newInputStream(Files.java:159) ~[?:?] {}
	at TRANSFORMER/minecraft@1.21.1/net.minecraft.server.dedicated.Settings.loadFromFile(Settings.java:38) ~[neoforge-21.1.219.jar%23125!/:?] {re:classloading}
	at TRANSFORMER/minecraft@1.21.1/net.minecraft.server.dedicated.DedicatedServerProperties.fromFile(DedicatedServerProperties.java:132) ~[neoforge-21.1.219.jar%23125!/:?] {re:classloading}
	at TRANSFORMER/minecraft@1.21.1/net.minecraft.server.dedicated.DedicatedServerSettings.<init>(DedicatedServerSettings.java:12) ~[neoforge-21.1.219.jar%23125!/:?] {re:classloading}
	at TRANSFORMER/minecraft@1.21.1/net.minecraft.server.Main.main(Main.java:125) ~[neoforge-21.1.219.jar%23125!/:?] {re:classloading}
	at java.base/jdk.internal.reflect.DirectMethodHandleAccessor.invoke(DirectMethodHandleAccessor.java:103) ~[?:?] {}
	at java.base/java.lang.reflect.Method.invoke(Method.java:580) ~[?:?] {}
	at MC-BOOTSTRAP/fml_loader@4.0.42/net.neoforged.fml.loading.targets.CommonLaunchHandler.runTarget(CommonLaunchHandler.java:136) ~[loader-4.0.42.jar%23102!/:4.0] {}
	at MC-BOOTSTRAP/fml_loader@4.0.42/net.neoforged.fml.loading.targets.CommonLaunchHandler.serverService(CommonLaunchHandler.java:128) ~[loader-4.0.42.jar%23102!/:4.0] {}
	at MC-BOOTSTRAP/fml_loader@4.0.42/net.neoforged.fml.loading.targets.NeoForgeServerDevLaunchHandler.runService(NeoForgeServerDevLaunchHandler.java:23) ~[loader-4.0.42.jar%23102!/:4.0] {}
	at MC-BOOTSTRAP/fml_loader@4.0.42/net.neoforged.fml.loading.targets.CommonLaunchHandler.lambda$launchService$4(CommonLaunchHandler.java:118) ~[loader-4.0.42.jar%23102!/:4.0] {}
	at MC-BOOTSTRAP/cpw.mods.modlauncher@11.0.5/cpw.mods.modlauncher.LaunchServiceHandlerDecorator.launch(LaunchServiceHandlerDecorator.java:30) [modlauncher-11.0.5.jar%2382!/:?] {}
	at MC-BOOTSTRAP/cpw.mods.modlauncher@11.0.5/cpw.mods.modlauncher.LaunchServiceHandler.launch(LaunchServiceHandler.java:53) [modlauncher-11.0.5.jar%2382!/:?] {}
	at MC-BOOTSTRAP/cpw.mods.modlauncher@11.0.5/cpw.mods.modlauncher.LaunchServiceHandler.launch(LaunchServiceHandler.java:71) [modlauncher-11.0.5.jar%2382!/:?] {}
	at MC-BOOTSTRAP/cpw.mods.modlauncher@11.0.5/cpw.mods.modlauncher.Launcher.run(Launcher.java:103) [modlauncher-11.0.5.jar%2382!/:?] {}
	at MC-BOOTSTRAP/cpw.mods.modlauncher@11.0.5/cpw.mods.modlauncher.Launcher.main(Launcher.java:74) [modlauncher-11.0.5.jar%2382!/:?] {}
	at MC-BOOTSTRAP/cpw.mods.modlauncher@11.0.5/cpw.mods.modlauncher.BootstrapLaunchConsumer.accept(BootstrapLaunchConsumer.java:26) [modlauncher-11.0.5.jar%2382!/:?] {}
	at MC-BOOTSTRAP/cpw.mods.modlauncher@11.0.5/cpw.mods.modlauncher.BootstrapLaunchConsumer.accept(BootstrapLaunchConsumer.java:23) [modlauncher-11.0.5.jar%2382!/:?] {}
	at cpw.mods.bootstraplauncher@2.0.2/cpw.mods.bootstraplauncher.BootstrapLauncher.run(BootstrapLauncher.java:210) [bootstraplauncher-2.0.2.jar:?] {}
	at cpw.mods.bootstraplauncher@2.0.2/cpw.mods.bootstraplauncher.BootstrapLauncher.main(BootstrapLauncher.java:69) [bootstraplauncher-2.0.2.jar:?] {}
	at java.base/jdk.internal.reflect.DirectMethodHandleAccessor.invoke(DirectMethodHandleAccessor.java:103) ~[?:?] {}
	at java.base/java.lang.reflect.Method.invoke(Method.java:580) ~[?:?] {}
	at net.neoforged.devlaunch.Main.main(Main.java:57) [DevLaunch-1.0.2.jar:?] {}
[22:46:32] [main/INFO] [mojang/YggdrasilAuthenticationService]: Environment: Environment[sessionHost=https://sessionserver.mojang.com, servicesHost=https://api.minecraftservices.com, name=PROD]
[22:46:32] [main/WARN] [minecraft/VanillaPackResourcesBuilder]: Assets URL 'union:/E:/MyMC/NewMod/Create_NuclearIndustry-ore-acquisition/build/moddev/artifacts/neoforge-21.1.219.jar%23125!/assets/.mcassetsroot' uses unexpected schema
[22:46:32] [main/WARN] [minecraft/VanillaPackResourcesBuilder]: Assets URL 'union:/E:/MyMC/NewMod/Create_NuclearIndustry-ore-acquisition/build/moddev/artifacts/neoforge-21.1.219.jar%23125!/data/.mcassetsroot' uses unexpected schema
[22:46:32] [NeoForge Version Check/INFO] [ne.ne.fm.VersionChecker/]: [create] Starting version check at https://api.modrinth.com/updates/create/forge_updates.json?neoforge=only
[22:46:32] [main/INFO] [co.si.cr.Create/]: Created 157 recipes which will be injected into the game
[22:46:33] [main/INFO] [co.si.cr.Create/]: Created 0 tags which will be injected into the game
[22:46:33] [main/INFO] [ne.ne.ne.ga.GameTestHooks/]: Enabled Gametest Namespaces: [create_nuclear_industry_reactor_crafting]
[22:46:33] [NeoForge Version Check/INFO] [ne.ne.fm.VersionChecker/]: [create] Found status: OUTDATED Current: 6.0.10 Target: 6.0.10+mc1.21.1
[22:46:34] [main/INFO] [minecraft/RecipeManager]: Loaded 2900 recipes
[22:46:34] [main/INFO] [minecraft/AdvancementTree]: Loaded 2507 advancements
[22:46:35] [Server thread/INFO] [minecraft/MinecraftServer]: Preparing start region for dimension minecraft:overworld
[22:46:35] [worldgen/INFO] [minecraft/LoggerChunkProgressListener]: Preparing spawn area: 2%
[22:46:35] [Server thread/INFO] [minecraft/LoggerChunkProgressListener]: Time elapsed: 196 ms
[22:46:35] [Server thread/INFO] [minecraft/GameTestServer]: Started game test server
[22:46:36] [Server thread/INFO] [ne.ne.ne.se.pe.PermissionAPI/]: Successfully initialized permission handler neoforge:default_handler
[22:46:36] [Server thread/INFO] [minecraft/GameTestServer]: 6 tests are now running at position -362168, -59, -10986027!
[22:46:36] [Server thread/INFO] [minecraft/GameTestRunner]: Running test batch 'defaultBatch:0' (6 tests)...
[22:46:36] [Server thread/INFO] [minecraft/GameTestServer]: [      ]
[22:46:36] [Server thread/INFO] [co.si.cr.Create/]: RecipeTrie of depth 5 with 526 nodes built with 489 variants, 335 ingredients, and 414 recipes
[22:46:36] [Server thread/INFO] [minecraft/GameTestServer]: [_+++_+]
[22:46:36] [Server thread/INFO] [minecraft/GameTestServer]: [_+++_+]
[22:46:36] [Server thread/INFO] [minecraft/GameTestServer]: [_+++_+]
[22:46:36] [Server thread/INFO] [minecraft/GameTestServer]: [_+++_+]
[22:46:36] [Server thread/INFO] [minecraft/GameTestServer]: [_+++_+]
[22:46:36] [Server thread/INFO] [minecraft/GameTestServer]: [_+++_+]
[22:46:36] [Server thread/INFO] [minecraft/GameTestServer]: [_+++_+]
[22:46:36] [Server thread/INFO] [minecraft/GameTestServer]: [_+++_+]
[22:46:36] [Server thread/INFO] [minecraft/GameTestServer]: [_+++_+]
[22:46:36] [Server thread/INFO] [minecraft/GameTestServer]: [_+++_+]
[22:46:36] [Server thread/INFO] [minecraft/GameTestServer]: [_+++_+]
[22:46:36] [Server thread/INFO] [minecraft/GameTestServer]: [++++_+]
[22:46:36] [Server thread/INFO] [minecraft/GameTestServer]: [++++_+]
[22:46:36] [Server thread/INFO] [minecraft/GameTestServer]: [++++_+]
[22:46:36] [Server thread/INFO] [minecraft/GameTestServer]: [++++_+]
[22:46:36] [Server thread/INFO] [minecraft/GameTestServer]: [++++_+]
[22:46:36] [Server thread/INFO] [minecraft/GameTestServer]: [++++_+]
[22:46:36] [Server thread/INFO] [minecraft/GameTestServer]: [++++_+]
[22:46:36] [Server thread/INFO] [minecraft/GameTestServer]: [++++++]
[22:46:36] [Server thread/INFO] [minecraft/GameTestServer]: ========= 6 GAME TESTS COMPLETE IN 618.6 ms ======================
[22:46:36] [Server thread/INFO] [minecraft/GameTestServer]: All 6 required tests passed :)
[22:46:36] [Server thread/INFO] [minecraft/GameTestServer]: ====================================================
[22:46:36] [Server thread/INFO] [minecraft/MinecraftServer]: Stopping server
[22:46:36] [Server thread/INFO] [minecraft/MinecraftServer]: Saving players
[22:46:36] [Server thread/INFO] [minecraft/MinecraftServer]: Saving worlds
[22:46:37] [Server thread/INFO] [minecraft/MinecraftServer]: Saving chunks for level 'ServerLevel[Test Level]'/minecraft:overworld
[22:46:37] [Server thread/INFO] [minecraft/MinecraftServer]: Saving chunks for level 'ServerLevel[Test Level]'/minecraft:the_nether
[22:46:37] [Server thread/INFO] [minecraft/MinecraftServer]: Saving chunks for level 'ServerLevel[Test Level]'/minecraft:the_end
[22:46:37] [Server thread/INFO] [minecraft/MinecraftServer]: ThreadedAnvilChunkStorage (world): All chunks are saved
[22:46:37] [Server thread/INFO] [minecraft/MinecraftServer]: ThreadedAnvilChunkStorage (DIM-1): All chunks are saved
[22:46:37] [Server thread/INFO] [minecraft/MinecraftServer]: ThreadedAnvilChunkStorage (DIM1): All chunks are saved
[22:46:37] [Server thread/INFO] [minecraft/MinecraftServer]: ThreadedAnvilChunkStorage: All dimensions are saved
[22:46:37] [Server thread/INFO] [minecraft/GameTestServer]: Game test server shutting down

> Task :jarJar NO-SOURCE
> Task :jar
> Task :assemble

BUILD SUCCESSFUL in 21s
8 actionable tasks: 4 executed, 4 up-to-date
Consider enabling configuration cache to speed up this build: https://docs.gradle.org/9.0.0/userguide/configuration_cache_enabling.html
