> Task :createMinecraftArtifacts UP-TO-DATE

> Task :compileJava
E:\MyMC\NewMod\Create_NuclearIndustry-ore-acquisition\src\main\java\com\iksxh\create_nuclear_industry\gametest\ExtensionGoggleSyncGameTests.java:4: 错误: 找不到符号
import com.iksxh.create_nuclear_industry.boiler.BoilerContent;
                                               ^
  符号:   类 BoilerContent
  位置: 程序包 com.iksxh.create_nuclear_industry.boiler
E:\MyMC\NewMod\Create_NuclearIndustry-ore-acquisition\src\main\java\com\iksxh\create_nuclear_industry\goggle\GoggleTooltip.java:6: 错误: 找不到符号
import net.neoforged.fml.DistExecutor;
                        ^
  符号:   类 DistExecutor
  位置: 程序包 net.neoforged.fml
E:\MyMC\NewMod\Create_NuclearIndustry-ore-acquisition\src\main\java\com\iksxh\create_nuclear_industry\content\BoilerContent.java:73: 警告: [removal] FluidType 中的 initializeClient(Consumer<IClientFluidTypeExtensions>) 已过时, 且标记为待删除
            @Override public void initializeClient(Consumer<IClientFluidTypeExtensions> consumer) {
                                  ^
E:\MyMC\NewMod\Create_NuclearIndustry-ore-acquisition\src\main\java\com\iksxh\create_nuclear_industry\content\FuelProcessingContent.java:91: 警告: [removal] FluidType 中的 initializeClient(Consumer<IClientFluidTypeExtensions>) 已过时, 且标记为待删除
                public void initializeClient(Consumer<IClientFluidTypeExtensions> consumer) {
                            ^
E:\MyMC\NewMod\Create_NuclearIndustry-ore-acquisition\src\main\java\com\iksxh\create_nuclear_industry\content\TurbineContent.java:83: 警告: [removal] FluidType 中的 initializeClient(Consumer<IClientFluidTypeExtensions>) 已过时, 且标记为待删除
            @Override public void initializeClient(Consumer<IClientFluidTypeExtensions> consumer) {
                                  ^
E:\MyMC\NewMod\Create_NuclearIndustry-ore-acquisition\src\main\java\com\iksxh\create_nuclear_industry\gametest\ExtensionGoggleSyncGameTests.java:61: 错误: 无法将接口 IBlockEntityExtension中的方法 handleUpdateTag应用到给定类型;
            initialTagMirror.handleUpdateTag(owner.getUpdateTag(helper.getLevel().registryAccess()));
                            ^
  需要: CompoundTag,Provider
  找到:    CompoundTag
  原因: 实际参数列表和形式参数列表长度不同
E:\MyMC\NewMod\Create_NuclearIndustry-ore-acquisition\src\main\java\com\iksxh\create_nuclear_industry\gametest\ExtensionGoggleSyncGameTests.java:110: 错误: 程序包BoilerContent不存在
            helper.setBlock(part, BoilerContent.CASING.get());
                                               ^
E:\MyMC\NewMod\Create_NuclearIndustry-ore-acquisition\src\main\java\com\iksxh\create_nuclear_industry\gametest\ExtensionGoggleSyncGameTests.java:112: 错误: 程序包BoilerContent不存在
        helper.setBlock(CONTROL, BoilerContent.CONTROLLER.get().defaultBlockState()
                                              ^
E:\MyMC\NewMod\Create_NuclearIndustry-ore-acquisition\src\main\java\com\iksxh\create_nuclear_industry\gametest\ExtensionGoggleSyncGameTests.java:114: 错误: 程序包BoilerContent不存在
        helper.setBlock(CENTER.offset(2, 1, 0), BoilerContent.WATER_PORT.get().defaultBlockState()
                                                             ^
E:\MyMC\NewMod\Create_NuclearIndustry-ore-acquisition\src\main\java\com\iksxh\create_nuclear_industry\gametest\ExtensionGoggleSyncGameTests.java:116: 错误: 程序包BoilerContent不存在
        helper.setBlock(CENTER.offset(-2, 3, 0), BoilerContent.STEAM_PORT.get().defaultBlockState()
                                                              ^
E:\MyMC\NewMod\Create_NuclearIndustry-ore-acquisition\src\main\java\com\iksxh\create_nuclear_industry\gametest\ExtensionGoggleSyncGameTests.java:118: 错误: 程序包BoilerContent不存在
        helper.setBlock(CENTER.above(4), BoilerContent.SAFETY_VALVE.get());
                                                      ^
E:\MyMC\NewMod\Create_NuclearIndustry-ore-acquisition\src\main\java\com\iksxh\create_nuclear_industry\gametest\ExtensionGoggleSyncGameTests.java:119: 错误: 程序包BoilerContent不存在
        helper.setBlock(SECTION, BoilerContent.HEAT_SECTION.get());
                                              ^
E:\MyMC\NewMod\Create_NuclearIndustry-ore-acquisition\src\main\java\com\iksxh\create_nuclear_industry\goggle\GoggleTooltip.java:14: 错误: 找不到符号
        Component indented = DistExecutor.unsafeCallWhenOn(
                             ^
  符号:   变量 DistExecutor
  位置: 类 GoggleTooltip
E:\MyMC\NewMod\Create_NuclearIndustry-ore-acquisition\src\main\java\com\iksxh\create_nuclear_industry\production\CentrifugeClientEvents.java:11: 警告: [removal] EventBusSubscriber 中的 bus() 已过时, 且标记为待删除
@EventBusSubscriber(modid = CreateNuclearIndustry.MOD_ID, value = Dist.CLIENT, bus = EventBusSubscriber.Bus.MOD)
                                                                               ^
E:\MyMC\NewMod\Create_NuclearIndustry-ore-acquisition\src\main\java\com\iksxh\create_nuclear_industry\production\CentrifugeClientEvents.java:11: 警告: [removal] EventBusSubscriber 中的 Bus 已过时, 且标记为待删除
@EventBusSubscriber(modid = CreateNuclearIndustry.MOD_ID, value = Dist.CLIENT, bus = EventBusSubscriber.Bus.MOD)
                                                                                                       ^
E:\MyMC\NewMod\Create_NuclearIndustry-ore-acquisition\src\main\java\com\iksxh\create_nuclear_industry\production\ShieldedAssemblyClientEvents.java:11: 警告: [removal] EventBusSubscriber 中的 bus() 已过时, 且标记为待删除
@EventBusSubscriber(modid = CreateNuclearIndustry.MOD_ID, value = Dist.CLIENT, bus = EventBusSubscriber.Bus.MOD)
                                                                               ^
E:\MyMC\NewMod\Create_NuclearIndustry-ore-acquisition\src\main\java\com\iksxh\create_nuclear_industry\production\ShieldedAssemblyClientEvents.java:11: 警告: [removal] EventBusSubscriber 中的 Bus 已过时, 且标记为待删除
@EventBusSubscriber(modid = CreateNuclearIndustry.MOD_ID, value = Dist.CLIENT, bus = EventBusSubscriber.Bus.MOD)
                                                                                                       ^
E:\MyMC\NewMod\Create_NuclearIndustry-ore-acquisition\src\main\java\com\iksxh\create_nuclear_industry\turbine\client\TurbineClientEvents.java:12: 警告: [removal] EventBusSubscriber 中的 bus() 已过时, 且标记为待删除
        bus = EventBusSubscriber.Bus.MOD)
        ^
E:\MyMC\NewMod\Create_NuclearIndustry-ore-acquisition\src\main\java\com\iksxh\create_nuclear_industry\turbine\client\TurbineClientEvents.java:12: 警告: [removal] EventBusSubscriber 中的 Bus 已过时, 且标记为待删除
        bus = EventBusSubscriber.Bus.MOD)
                                ^
注: 某些输入文件使用或覆盖了已过时的 API。
注: 有关详细信息, 请使用 -Xlint:deprecation 重新编译。
注: E:\MyMC\NewMod\Create_NuclearIndustry-ore-acquisition\src\main\java\com\iksxh\create_nuclear_industry\gametest\P1Coolant05CoverageGameTests.java使用了未经检查或不安全的操作。
注: 有关详细信息, 请使用 -Xlint:unchecked 重新编译。
10 个错误
9 个警告


> Task :compileJava FAILED

[Incubating] Problems report is available at: file:///E:/MyMC/NewMod/Create_NuclearIndustry-ore-acquisition/build/reports/problems/problems-report.html
FAILURE: Build failed with an exception.

* What went wrong:
Execution failed for task ':compileJava'.
> Compilation failed; see the compiler output below.
  E:\MyMC\NewMod\Create_NuclearIndustry-ore-acquisition\src\main\java\com\iksxh\create_nuclear_industry\gametest\ExtensionGoggleSyncGameTests.java:61: 错误: 无法将接口 IBlockEntityExtension中的方法 handleUpdateTag应用到给定类型;
              initialTagMirror.handleUpdateTag(owner.getUpdateTag(helper.getLevel().registryAccess()));
                              ^
    需要: CompoundTag,Provider
    找到:    CompoundTag
    原因: 实际参数列表和形式参数列表长度不同
  注: 有关详细信息, 请使用 -Xlint:deprecation 重新编译。
  注: E:\MyMC\NewMod\Create_NuclearIndustry-ore-acquisition\src\main\java\com\iksxh\create_nuclear_industry\gametest\P1Coolant05CoverageGameTests.java使用了未经检查或不安全的操作。
  E:\MyMC\NewMod\Create_NuclearIndustry-ore-acquisition\src\main\java\com\iksxh\create_nuclear_industry\gametest\ExtensionGoggleSyncGameTests.java:4: 错误: 找不到符号
  import com.iksxh.create_nuclear_industry.boiler.BoilerContent;
                                                 ^
    符号:   类 BoilerContent
    位置: 程序包 com.iksxh.create_nuclear_industry.boiler
  E:\MyMC\NewMod\Create_NuclearIndustry-ore-acquisition\src\main\java\com\iksxh\create_nuclear_industry\goggle\GoggleTooltip.java:6: 错误: 找不到符号
  import net.neoforged.fml.DistExecutor;
                          ^
    符号:   类 DistExecutor
    位置: 程序包 net.neoforged.fml
  E:\MyMC\NewMod\Create_NuclearIndustry-ore-acquisition\src\main\java\com\iksxh\create_nuclear_industry\goggle\GoggleTooltip.java:14: 错误: 找不到符号
          Component indented = DistExecutor.unsafeCallWhenOn(
                               ^
    符号:   变量 DistExecutor
    位置: 类 GoggleTooltip
  注: 有关详细信息, 请使用 -Xlint:unchecked 重新编译。
  注: 某些输入文件使用或覆盖了已过时的 API。
  E:\MyMC\NewMod\Create_NuclearIndustry-ore-acquisition\src\main\java\com\iksxh\create_nuclear_industry\content\BoilerContent.java:73: 警告: [removal] FluidType 中的 initializeClient(Consumer<IClientFluidTypeExtensions>) 已过时, 且标记为待删除
              @Override public void initializeClient(Consumer<IClientFluidTypeExtensions> consumer) {
                                    ^
  E:\MyMC\NewMod\Create_NuclearIndustry-ore-acquisition\src\main\java\com\iksxh\create_nuclear_industry\content\FuelProcessingContent.java:91: 警告: [removal] FluidType 中的 initializeClient(Consumer<IClientFluidTypeExtensions>) 已过时, 且标记为待删除
                  public void initializeClient(Consumer<IClientFluidTypeExtensions> consumer) {
                              ^
  E:\MyMC\NewMod\Create_NuclearIndustry-ore-acquisition\src\main\java\com\iksxh\create_nuclear_industry\content\TurbineContent.java:83: 警告: [removal] FluidType 中的 initializeClient(Consumer<IClientFluidTypeExtensions>) 已过时, 且标记为待删除
              @Override public void initializeClient(Consumer<IClientFluidTypeExtensions> consumer) {
                                    ^
  E:\MyMC\NewMod\Create_NuclearIndustry-ore-acquisition\src\main\java\com\iksxh\create_nuclear_industry\production\CentrifugeClientEvents.java:11: 警告: [removal] EventBusSubscriber 中的 bus() 已过时, 且标记为待删除
  @EventBusSubscriber(modid = CreateNuclearIndustry.MOD_ID, value = Dist.CLIENT, bus = EventBusSubscriber.Bus.MOD)
                                                                                 ^
  E:\MyMC\NewMod\Create_NuclearIndustry-ore-acquisition\src\main\java\com\iksxh\create_nuclear_industry\production\CentrifugeClientEvents.java:11: 警告: [removal] EventBusSubscriber 中的 Bus 已过时, 且标记为待删除
  @EventBusSubscriber(modid = CreateNuclearIndustry.MOD_ID, value = Dist.CLIENT, bus = EventBusSubscriber.Bus.MOD)
                                                                                                         ^
  E:\MyMC\NewMod\Create_NuclearIndustry-ore-acquisition\src\main\java\com\iksxh\create_nuclear_industry\production\ShieldedAssemblyClientEvents.java:11: 警告: [removal] EventBusSubscriber 中的 bus() 已过时, 且标记为待删除
  @EventBusSubscriber(modid = CreateNuclearIndustry.MOD_ID, value = Dist.CLIENT, bus = EventBusSubscriber.Bus.MOD)
                                                                                 ^
  E:\MyMC\NewMod\Create_NuclearIndustry-ore-acquisition\src\main\java\com\iksxh\create_nuclear_industry\production\ShieldedAssemblyClientEvents.java:11: 警告: [removal] EventBusSubscriber 中的 Bus 已过时, 且标记为待删除
  @EventBusSubscriber(modid = CreateNuclearIndustry.MOD_ID, value = Dist.CLIENT, bus = EventBusSubscriber.Bus.MOD)
                                                                                                         ^
  E:\MyMC\NewMod\Create_NuclearIndustry-ore-acquisition\src\main\java\com\iksxh\create_nuclear_industry\turbine\client\TurbineClientEvents.java:12: 警告: [removal] EventBusSubscriber 中的 bus() 已过时, 且标记为待删除
          bus = EventBusSubscriber.Bus.MOD)
          ^
  E:\MyMC\NewMod\Create_NuclearIndustry-ore-acquisition\src\main\java\com\iksxh\create_nuclear_industry\turbine\client\TurbineClientEvents.java:12: 警告: [removal] EventBusSubscriber 中的 Bus 已过时, 且标记为待删除
          bus = EventBusSubscriber.Bus.MOD)
                                  ^
  E:\MyMC\NewMod\Create_NuclearIndustry-ore-acquisition\src\main\java\com\iksxh\create_nuclear_industry\gametest\ExtensionGoggleSyncGameTests.java:110: 错误: 程序包BoilerContent不存在
              helper.setBlock(part, BoilerContent.CASING.get());
                                                 ^
  E:\MyMC\NewMod\Create_NuclearIndustry-ore-acquisition\src\main\java\com\iksxh\create_nuclear_industry\gametest\ExtensionGoggleSyncGameTests.java:112: 错误: 程序包BoilerContent不存在
          helper.setBlock(CONTROL, BoilerContent.CONTROLLER.get().defaultBlockState()
                                                ^
  E:\MyMC\NewMod\Create_NuclearIndustry-ore-acquisition\src\main\java\com\iksxh\create_nuclear_industry\gametest\ExtensionGoggleSyncGameTests.java:114: 错误: 程序包BoilerContent不存在
          helper.setBlock(CENTER.offset(2, 1, 0), BoilerContent.WATER_PORT.get().defaultBlockState()
                                                               ^
  E:\MyMC\NewMod\Create_NuclearIndustry-ore-acquisition\src\main\java\com\iksxh\create_nuclear_industry\gametest\ExtensionGoggleSyncGameTests.java:116: 错误: 程序包BoilerContent不存在
          helper.setBlock(CENTER.offset(-2, 3, 0), BoilerContent.STEAM_PORT.get().defaultBlockState()
                                                                ^
  E:\MyMC\NewMod\Create_NuclearIndustry-ore-acquisition\src\main\java\com\iksxh\create_nuclear_industry\gametest\ExtensionGoggleSyncGameTests.java:118: 错误: 程序包BoilerContent不存在
          helper.setBlock(CENTER.above(4), BoilerContent.SAFETY_VALVE.get());
                                                        ^
  E:\MyMC\NewMod\Create_NuclearIndustry-ore-acquisition\src\main\java\com\iksxh\create_nuclear_industry\gametest\ExtensionGoggleSyncGameTests.java:119: 错误: 程序包BoilerContent不存在
          helper.setBlock(SECTION, BoilerContent.HEAT_SECTION.get());
                                                ^
  10 个错误
  9 个警告

* Try:
> Check your code and dependencies to fix the compilation error(s)
> Run with --scan to generate a Build Scan (Powered by Develocity).

BUILD FAILED in 3s
2 actionable tasks: 1 executed, 1 up-to-date
> Task :createMinecraftArtifacts UP-TO-DATE

> Task :compileJava
E:\MyMC\NewMod\Create_NuclearIndustry-ore-acquisition\src\main\java\com\iksxh\create_nuclear_industry\content\BoilerContent.java:73: 警告: [removal] FluidType 中的 initializeClient(Consumer<IClientFluidTypeExtensions>) 已过时, 且标记为待删除
            @Override public void initializeClient(Consumer<IClientFluidTypeExtensions> consumer) {
                                  ^
E:\MyMC\NewMod\Create_NuclearIndustry-ore-acquisition\src\main\java\com\iksxh\create_nuclear_industry\content\FuelProcessingContent.java:91: 警告: [removal] FluidType 中的 initializeClient(Consumer<IClientFluidTypeExtensions>) 已过时, 且标记为待删除
                public void initializeClient(Consumer<IClientFluidTypeExtensions> consumer) {
                            ^
E:\MyMC\NewMod\Create_NuclearIndustry-ore-acquisition\src\main\java\com\iksxh\create_nuclear_industry\content\TurbineContent.java:83: 警告: [removal] FluidType 中的 initializeClient(Consumer<IClientFluidTypeExtensions>) 已过时, 且标记为待删除
            @Override public void initializeClient(Consumer<IClientFluidTypeExtensions> consumer) {
                                  ^
E:\MyMC\NewMod\Create_NuclearIndustry-ore-acquisition\src\main\java\com\iksxh\create_nuclear_industry\production\CentrifugeClientEvents.java:11: 警告: [removal] EventBusSubscriber 中的 bus() 已过时, 且标记为待删除
@EventBusSubscriber(modid = CreateNuclearIndustry.MOD_ID, value = Dist.CLIENT, bus = EventBusSubscriber.Bus.MOD)
                                                                               ^
E:\MyMC\NewMod\Create_NuclearIndustry-ore-acquisition\src\main\java\com\iksxh\create_nuclear_industry\production\CentrifugeClientEvents.java:11: 警告: [removal] EventBusSubscriber 中的 Bus 已过时, 且标记为待删除
@EventBusSubscriber(modid = CreateNuclearIndustry.MOD_ID, value = Dist.CLIENT, bus = EventBusSubscriber.Bus.MOD)
                                                                                                       ^
E:\MyMC\NewMod\Create_NuclearIndustry-ore-acquisition\src\main\java\com\iksxh\create_nuclear_industry\production\ShieldedAssemblyClientEvents.java:11: 警告: [removal] EventBusSubscriber 中的 bus() 已过时, 且标记为待删除
@EventBusSubscriber(modid = CreateNuclearIndustry.MOD_ID, value = Dist.CLIENT, bus = EventBusSubscriber.Bus.MOD)
                                                                               ^
E:\MyMC\NewMod\Create_NuclearIndustry-ore-acquisition\src\main\java\com\iksxh\create_nuclear_industry\production\ShieldedAssemblyClientEvents.java:11: 警告: [removal] EventBusSubscriber 中的 Bus 已过时, 且标记为待删除
@EventBusSubscriber(modid = CreateNuclearIndustry.MOD_ID, value = Dist.CLIENT, bus = EventBusSubscriber.Bus.MOD)
                                                                                                       ^
E:\MyMC\NewMod\Create_NuclearIndustry-ore-acquisition\src\main\java\com\iksxh\create_nuclear_industry\turbine\client\TurbineClientEvents.java:12: 警告: [removal] EventBusSubscriber 中的 bus() 已过时, 且标记为待删除
        bus = EventBusSubscriber.Bus.MOD)
        ^
E:\MyMC\NewMod\Create_NuclearIndustry-ore-acquisition\src\main\java\com\iksxh\create_nuclear_industry\turbine\client\TurbineClientEvents.java:12: 警告: [removal] EventBusSubscriber 中的 Bus 已过时, 且标记为待删除
        bus = EventBusSubscriber.Bus.MOD)
                                ^
注: 某些输入文件使用或覆盖了已过时的 API。
注: 有关详细信息, 请使用 -Xlint:deprecation 重新编译。
注: E:\MyMC\NewMod\Create_NuclearIndustry-ore-acquisition\src\main\java\com\iksxh\create_nuclear_industry\gametest\P1Coolant05CoverageGameTests.java使用了未经检查或不安全的操作。
注: 有关详细信息, 请使用 -Xlint:unchecked 重新编译。
9 个警告

> Task :processResources UP-TO-DATE
> Task :classes
> Task :downloadAssets UP-TO-DATE
> Task :writeGameTestServerLegacyClasspath UP-TO-DATE
> Task :prepareGameTestServerRun

> Task :runGameTestServer
WARN StatusConsoleListener Advanced terminal features are not available in this environment
[14:20:24] [main/INFO] [cp.mo.mo.Launcher/MODLAUNCHER]: ModLauncher running: args [--launchTarget, forgeserverdev, --gameDir, ., --fml.fmlVersion, 4.0.42, --fml.mcVersion, 1.21.1, --fml.neoForgeVersion, 21.1.219, --fml.neoFormVersion, 20240808.144430]
[14:20:24] [main/INFO] [cp.mo.mo.Launcher/MODLAUNCHER]: JVM identified as Oracle Corporation Java HotSpot(TM) 64-Bit Server VM 21.0.7+8-LTS-245
[14:20:24] [main/INFO] [cp.mo.mo.Launcher/MODLAUNCHER]: ModLauncher 11.0.5+main.901c6ea8 starting: java version 21.0.7 by Oracle Corporation; OS Windows 10 arch amd64 version 10.0
[14:20:24] [main/INFO] [ne.ne.fm.lo.ImmediateWindowHandler/]: ImmediateWindowProvider not loading because launch target is forgeserverdev
[14:20:24] [main/INFO] [mixin/]: SpongePowered MIXIN Subsystem Version=0.8.7 Source=union:/C:/Users/IKSXH/.gradle/caches/modules-2/files-2.1/net.fabricmc/sponge-mixin/0.15.2+mixin.0.8.7/2af2f021d8e02a0220dc27a7a72b4666d66d44ca/sponge-mixin-0.15.2+mixin.0.8.7.jar%2394!/ Service=ModLauncher Env=SERVER
[14:20:24] [main/INFO] [ne.ne.fm.lo.mo.lo.JarInJarDependencyLocator/]: Found 2 dependencies adding them to mods collection
[14:20:24] [main/INFO] [ne.ne.fm.lo.mo.ModDiscoverer/]: 
     Mod List:
		Name Version (Mod Id)

		Create 6.0.10 (create)
		Create: Nuclear Industry 0.1.0 (create_nuclear_industry)
		Flywheel 1.0.6 (flywheel)
		Minecraft 1.21.1 (minecraft)
		NeoForge 21.1.219 (neoforge)
		Ponder 1.0.82+mc1.21.1 (ponder)
[14:20:26] [main/INFO] [mixin/]: Compatibility level set to JAVA_21
[14:20:26] [main/INFO] [cp.mo.mo.LaunchServiceHandler/MODLAUNCHER]: Launching target 'forgeserverdev' with arguments [--gameDir, .]
[14:20:26] [main/WARN] [mixin/]: Reference map 'ponder.refmap.json' for ponder-common.mixins.json could not be read. If this is a development environment you can ignore this message
[14:20:26] [main/WARN] [mixin/]: Error loading class: org/jetbrains/annotations/ApiStatus$ScheduledForRemoval (java.lang.ClassNotFoundException: org.jetbrains.annotations.ApiStatus$ScheduledForRemoval)
[14:20:26] [main/INFO] [MixinExtras|Service/]: Initializing MixinExtras via com.llamalad7.mixinextras.service.MixinExtrasServiceImpl(version=0.5.0).
[14:20:32] [main/WARN] [minecraft/Commands]: Ambiguity between arguments [teleport, location] and [teleport, destination] with inputs: [0.1 -0.5 .9, 0 0 0]
[14:20:32] [main/WARN] [minecraft/Commands]: Ambiguity between arguments [teleport, location] and [teleport, targets] with inputs: [0.1 -0.5 .9, 0 0 0]
[14:20:32] [main/WARN] [minecraft/Commands]: Ambiguity between arguments [teleport, destination] and [teleport, targets] with inputs: [Player, 0123, @e, dd12be42-52a9-4a91-a8a1-11c01849e498]
[14:20:32] [main/WARN] [minecraft/Commands]: Ambiguity between arguments [teleport, targets] and [teleport, destination] with inputs: [Player, 0123, dd12be42-52a9-4a91-a8a1-11c01849e498]
[14:20:32] [main/WARN] [minecraft/Commands]: Ambiguity between arguments [teleport, targets, location] and [teleport, targets, destination] with inputs: [0.1 -0.5 .9, 0 0 0]
[14:20:32] [modloading-worker-0/INFO] [ne.ne.ne.co.NeoForgeMod/NEOFORGE-MOD]: NeoForge mod loading, version 21.1.219, for MC 1.21.1
[14:20:32] [modloading-worker-0/INFO] [co.si.cr.Create/]: Create 6.0.10 initializing! Commit hash: ac0c444d9828da3453ae8cc65338e8de063286fb
[14:20:35] [main/ERROR] [minecraft/Settings]: Failed to load properties from file: server.properties
java.nio.file.NoSuchFileException: server.properties
	at java.base/sun.nio.fs.WindowsException.translateToIOException(WindowsException.java:85) ~[?:?] {}
	at java.base/sun.nio.fs.WindowsException.rethrowAsIOException(WindowsException.java:103) ~[?:?] {}
	at java.base/sun.nio.fs.WindowsException.rethrowAsIOException(WindowsException.java:108) ~[?:?] {}
	at java.base/sun.nio.fs.WindowsFileSystemProvider.newByteChannel(WindowsFileSystemProvider.java:234) ~[?:?] {}
	at java.base/java.nio.file.Files.newByteChannel(Files.java:379) ~[?:?] {}
	at java.base/java.nio.file.Files.newByteChannel(Files.java:431) ~[?:?] {}
	at java.base/java.nio.file.spi.FileSystemProvider.newInputStream(FileSystemProvider.java:420) ~[?:?] {}
	at java.base/java.nio.file.Files.newInputStream(Files.java:159) ~[?:?] {}
	at TRANSFORMER/minecraft@1.21.1/net.minecraft.server.dedicated.Settings.loadFromFile(Settings.java:38) ~[neoforge-21.1.219.jar%23125!/:?] {re:classloading}
	at TRANSFORMER/minecraft@1.21.1/net.minecraft.server.dedicated.DedicatedServerProperties.fromFile(DedicatedServerProperties.java:132) ~[neoforge-21.1.219.jar%23125!/:?] {re:classloading}
	at TRANSFORMER/minecraft@1.21.1/net.minecraft.server.dedicated.DedicatedServerSettings.<init>(DedicatedServerSettings.java:12) ~[neoforge-21.1.219.jar%23125!/:?] {re:classloading}
	at TRANSFORMER/minecraft@1.21.1/net.minecraft.server.Main.main(Main.java:125) ~[neoforge-21.1.219.jar%23125!/:?] {re:classloading}
	at java.base/jdk.internal.reflect.DirectMethodHandleAccessor.invoke(DirectMethodHandleAccessor.java:103) ~[?:?] {}
	at java.base/java.lang.reflect.Method.invoke(Method.java:580) ~[?:?] {}
	at MC-BOOTSTRAP/fml_loader@4.0.42/net.neoforged.fml.loading.targets.CommonLaunchHandler.runTarget(CommonLaunchHandler.java:136) ~[loader-4.0.42.jar%23102!/:4.0] {}
	at MC-BOOTSTRAP/fml_loader@4.0.42/net.neoforged.fml.loading.targets.CommonLaunchHandler.serverService(CommonLaunchHandler.java:128) ~[loader-4.0.42.jar%23102!/:4.0] {}
	at MC-BOOTSTRAP/fml_loader@4.0.42/net.neoforged.fml.loading.targets.NeoForgeServerDevLaunchHandler.runService(NeoForgeServerDevLaunchHandler.java:23) ~[loader-4.0.42.jar%23102!/:4.0] {}
	at MC-BOOTSTRAP/fml_loader@4.0.42/net.neoforged.fml.loading.targets.CommonLaunchHandler.lambda$launchService$4(CommonLaunchHandler.java:118) ~[loader-4.0.42.jar%23102!/:4.0] {}
	at MC-BOOTSTRAP/cpw.mods.modlauncher@11.0.5/cpw.mods.modlauncher.LaunchServiceHandlerDecorator.launch(LaunchServiceHandlerDecorator.java:30) [modlauncher-11.0.5.jar%2382!/:?] {}
	at MC-BOOTSTRAP/cpw.mods.modlauncher@11.0.5/cpw.mods.modlauncher.LaunchServiceHandler.launch(LaunchServiceHandler.java:53) [modlauncher-11.0.5.jar%2382!/:?] {}
	at MC-BOOTSTRAP/cpw.mods.modlauncher@11.0.5/cpw.mods.modlauncher.LaunchServiceHandler.launch(LaunchServiceHandler.java:71) [modlauncher-11.0.5.jar%2382!/:?] {}
	at MC-BOOTSTRAP/cpw.mods.modlauncher@11.0.5/cpw.mods.modlauncher.Launcher.run(Launcher.java:103) [modlauncher-11.0.5.jar%2382!/:?] {}
	at MC-BOOTSTRAP/cpw.mods.modlauncher@11.0.5/cpw.mods.modlauncher.Launcher.main(Launcher.java:74) [modlauncher-11.0.5.jar%2382!/:?] {}
	at MC-BOOTSTRAP/cpw.mods.modlauncher@11.0.5/cpw.mods.modlauncher.BootstrapLaunchConsumer.accept(BootstrapLaunchConsumer.java:26) [modlauncher-11.0.5.jar%2382!/:?] {}
	at MC-BOOTSTRAP/cpw.mods.modlauncher@11.0.5/cpw.mods.modlauncher.BootstrapLaunchConsumer.accept(BootstrapLaunchConsumer.java:23) [modlauncher-11.0.5.jar%2382!/:?] {}
	at cpw.mods.bootstraplauncher@2.0.2/cpw.mods.bootstraplauncher.BootstrapLauncher.run(BootstrapLauncher.java:210) [bootstraplauncher-2.0.2.jar:?] {}
	at cpw.mods.bootstraplauncher@2.0.2/cpw.mods.bootstraplauncher.BootstrapLauncher.main(BootstrapLauncher.java:69) [bootstraplauncher-2.0.2.jar:?] {}
	at java.base/jdk.internal.reflect.DirectMethodHandleAccessor.invoke(DirectMethodHandleAccessor.java:103) ~[?:?] {}
	at java.base/java.lang.reflect.Method.invoke(Method.java:580) ~[?:?] {}
	at net.neoforged.devlaunch.Main.main(Main.java:57) [DevLaunch-1.0.2.jar:?] {}
[14:20:35] [main/INFO] [mojang/YggdrasilAuthenticationService]: Environment: Environment[sessionHost=https://sessionserver.mojang.com, servicesHost=https://api.minecraftservices.com, name=PROD]
[14:20:36] [main/WARN] [minecraft/VanillaPackResourcesBuilder]: Assets URL 'union:/E:/MyMC/NewMod/Create_NuclearIndustry-ore-acquisition/build/moddev/artifacts/neoforge-21.1.219.jar%23125!/assets/.mcassetsroot' uses unexpected schema
[14:20:36] [main/WARN] [minecraft/VanillaPackResourcesBuilder]: Assets URL 'union:/E:/MyMC/NewMod/Create_NuclearIndustry-ore-acquisition/build/moddev/artifacts/neoforge-21.1.219.jar%23125!/data/.mcassetsroot' uses unexpected schema
[14:20:36] [NeoForge Version Check/INFO] [ne.ne.fm.VersionChecker/]: [create] Starting version check at https://api.modrinth.com/updates/create/forge_updates.json?neoforge=only
[14:20:36] [main/INFO] [co.si.cr.Create/]: Created 157 recipes which will be injected into the game
[14:20:36] [main/INFO] [co.si.cr.Create/]: Created 0 tags which will be injected into the game
[14:20:36] [main/INFO] [ne.ne.ne.ga.GameTestHooks/]: Enabled Gametest Namespaces: [create_nuclear_industry_goggle_sync]
[14:20:36] [NeoForge Version Check/INFO] [ne.ne.fm.VersionChecker/]: [create] Found status: OUTDATED Current: 6.0.10 Target: 6.0.10+mc1.21.1
[14:20:37] [main/INFO] [minecraft/RecipeManager]: Loaded 2918 recipes
[14:20:37] [main/INFO] [minecraft/AdvancementTree]: Loaded 2507 advancements
[14:20:38] [Server thread/INFO] [minecraft/MinecraftServer]: Preparing start region for dimension minecraft:overworld
[14:20:39] [worldgen/INFO] [minecraft/LoggerChunkProgressListener]: Preparing spawn area: 2%
[14:20:39] [Server thread/INFO] [minecraft/LoggerChunkProgressListener]: Time elapsed: 171 ms
[14:20:39] [Server thread/INFO] [minecraft/GameTestServer]: Started game test server
[14:20:39] [Server thread/INFO] [ne.ne.ne.se.pe.PermissionAPI/]: Successfully initialized permission handler neoforge:default_handler
[14:20:39] [Server thread/INFO] [minecraft/GameTestServer]: 1 tests are now running at position -10334037, -59, -1786636!
[14:20:39] [Server thread/ERROR] [minecraft/MinecraftServer]: Encountered an unexpected exception
java.lang.IllegalStateException: Missing test structure: create_nuclear_industry_goggle_sync:boiler_empty
	at TRANSFORMER/minecraft@1.21.1/net.minecraft.gametest.framework.StructureUtils.lambda$prepareTestStructure$0(StructureUtils.java:108) ~[neoforge-21.1.219.jar%23125!/:?] {re:classloading}
	at java.base/java.util.Optional.orElseThrow(Optional.java:403) ~[?:?] {re:mixin}
	at TRANSFORMER/minecraft@1.21.1/net.minecraft.gametest.framework.StructureUtils.prepareTestStructure(StructureUtils.java:108) ~[neoforge-21.1.219.jar%23125!/:?] {re:classloading}
	at TRANSFORMER/minecraft@1.21.1/net.minecraft.gametest.framework.GameTestInfo.prepareTestStructure(GameTestInfo.java:265) ~[neoforge-21.1.219.jar%23125!/:?] {re:classloading,pl:accesstransformer:B}
	at TRANSFORMER/minecraft@1.21.1/net.minecraft.gametest.framework.StructureGridSpawner.spawnStructure(StructureGridSpawner.java:48) ~[neoforge-21.1.219.jar%23125!/:?] {re:classloading}
	at TRANSFORMER/minecraft@1.21.1/net.minecraft.gametest.framework.GameTestRunner.spawn(GameTestRunner.java:163) ~[neoforge-21.1.219.jar%23125!/:?] {re:classloading}
	at java.base/java.util.stream.ReferencePipeline$3$1.accept(ReferencePipeline.java:197) ~[?:?] {}
	at java.base/java.util.AbstractList$RandomAccessSpliterator.forEachRemaining(AbstractList.java:722) ~[?:?] {}
	at java.base/java.util.stream.AbstractPipeline.copyInto(AbstractPipeline.java:509) ~[?:?] {}
	at java.base/java.util.stream.AbstractPipeline.wrapAndCopyInto(AbstractPipeline.java:499) ~[?:?] {}
	at java.base/java.util.stream.AbstractPipeline.evaluate(AbstractPipeline.java:575) ~[?:?] {}
	at java.base/java.util.stream.AbstractPipeline.evaluateToArrayNode(AbstractPipeline.java:260) ~[?:?] {}
	at java.base/java.util.stream.ReferencePipeline.toArray(ReferencePipeline.java:616) ~[?:?] {}
	at java.base/java.util.stream.ReferencePipeline.toArray(ReferencePipeline.java:622) ~[?:?] {}
	at java.base/java.util.stream.ReferencePipeline.toList(ReferencePipeline.java:627) ~[?:?] {}
	at TRANSFORMER/minecraft@1.21.1/net.minecraft.gametest.framework.GameTestRunner.createStructuresForBatch(GameTestRunner.java:158) ~[neoforge-21.1.219.jar%23125!/:?] {re:classloading}
	at TRANSFORMER/minecraft@1.21.1/net.minecraft.gametest.framework.GameTestRunner.runBatch(GameTestRunner.java:90) ~[neoforge-21.1.219.jar%23125!/:?] {re:classloading}
	at TRANSFORMER/minecraft@1.21.1/net.minecraft.gametest.framework.GameTestRunner.start(GameTestRunner.java:63) ~[neoforge-21.1.219.jar%23125!/:?] {re:classloading}
	at TRANSFORMER/minecraft@1.21.1/net.minecraft.gametest.framework.GameTestServer.startTests(GameTestServer.java:246) ~[neoforge-21.1.219.jar%23125!/:?] {re:classloading}
	at TRANSFORMER/minecraft@1.21.1/net.minecraft.gametest.framework.GameTestServer.tickServer(GameTestServer.java:171) ~[neoforge-21.1.219.jar%23125!/:?] {re:classloading}
	at TRANSFORMER/minecraft@1.21.1/net.minecraft.server.MinecraftServer.runServer(MinecraftServer.java:707) ~[neoforge-21.1.219.jar%23125!/:?] {re:mixin,pl:accesstransformer:B,re:classloading,pl:accesstransformer:B,pl:mixin:APP:ponder-common.mixins.json:accessor.MinecraftServerAccessor from mod ponder,pl:mixin:A}
	at TRANSFORMER/minecraft@1.21.1/net.minecraft.server.MinecraftServer.lambda$spin$2(MinecraftServer.java:267) ~[neoforge-21.1.219.jar%23125!/:?] {re:mixin,pl:accesstransformer:B,re:classloading,pl:accesstransformer:B,pl:mixin:APP:ponder-common.mixins.json:accessor.MinecraftServerAccessor from mod ponder,pl:mixin:A}
	at java.base/java.lang.Thread.run(Thread.java:1583) [?:?] {}
[14:20:39] [Server thread/FATAL] [ne.ne.ne.co.NeoForgeMod/]: Preparing crash report with UUID fc2d1613-bb85-485f-a18f-0408d127708d
[14:20:39] [Server thread/ERROR] [minecraft/MinecraftServer]: This crash report has been saved to: E:\MyMC\NewMod\Create_NuclearIndustry-ore-acquisition\build\runtime-goggles-01\crash-reports\crash-2026-10-05_14.20.39-server.txt
[14:20:39] [Server thread/FATAL] [ne.ne.ne.co.NeoForgeMod/]: Preparing crash report with UUID cb923c01-7de4-4c78-8498-831c910b48e8
[14:20:39] [Server thread/ERROR] [minecraft/GameTestServer]: Game test server crashed
---- Minecraft Crash Report ----
// Shall we play a game?

Time: 2026-10-05 14:20:39
Description: Exception in server tick loop

java.lang.IllegalStateException: Missing test structure: create_nuclear_industry_goggle_sync:boiler_empty
	at TRANSFORMER/minecraft@1.21.1/net.minecraft.gametest.framework.StructureUtils.lambda$prepareTestStructure$0(StructureUtils.java:108) ~[neoforge-21.1.219.jar%23125!/:?] {re:classloading}
	at java.base/java.util.Optional.orElseThrow(Optional.java:403) ~[?:?] {re:mixin}
	at TRANSFORMER/minecraft@1.21.1/net.minecraft.gametest.framework.StructureUtils.prepareTestStructure(StructureUtils.java:108) ~[neoforge-21.1.219.jar%23125!/:?] {re:classloading}
	at TRANSFORMER/minecraft@1.21.1/net.minecraft.gametest.framework.GameTestInfo.prepareTestStructure(GameTestInfo.java:265) ~[neoforge-21.1.219.jar%23125!/:?] {re:classloading,pl:accesstransformer:B}
	at TRANSFORMER/minecraft@1.21.1/net.minecraft.gametest.framework.StructureGridSpawner.spawnStructure(StructureGridSpawner.java:48) ~[neoforge-21.1.219.jar%23125!/:?] {re:classloading}
	at TRANSFORMER/minecraft@1.21.1/net.minecraft.gametest.framework.GameTestRunner.spawn(GameTestRunner.java:163) ~[neoforge-21.1.219.jar%23125!/:?] {re:classloading}
	at java.base/java.util.stream.ReferencePipeline$3$1.accept(ReferencePipeline.java:197) ~[?:?] {}
	at java.base/java.util.AbstractList$RandomAccessSpliterator.forEachRemaining(AbstractList.java:722) ~[?:?] {}
	at java.base/java.util.stream.AbstractPipeline.copyInto(AbstractPipeline.java:509) ~[?:?] {}
	at java.base/java.util.stream.AbstractPipeline.wrapAndCopyInto(AbstractPipeline.java:499) ~[?:?] {}
	at java.base/java.util.stream.AbstractPipeline.evaluate(AbstractPipeline.java:575) ~[?:?] {}
	at java.base/java.util.stream.AbstractPipeline.evaluateToArrayNode(AbstractPipeline.java:260) ~[?:?] {}
	at java.base/java.util.stream.ReferencePipeline.toArray(ReferencePipeline.java:616) ~[?:?] {}
	at java.base/java.util.stream.ReferencePipeline.toArray(ReferencePipeline.java:622) ~[?:?] {}
	at java.base/java.util.stream.ReferencePipeline.toList(ReferencePipeline.java:627) ~[?:?] {}
	at TRANSFORMER/minecraft@1.21.1/net.minecraft.gametest.framework.GameTestRunner.createStructuresForBatch(GameTestRunner.java:158) ~[neoforge-21.1.219.jar%23125!/:?] {re:classloading}
	at TRANSFORMER/minecraft@1.21.1/net.minecraft.gametest.framework.GameTestRunner.runBatch(GameTestRunner.java:90) ~[neoforge-21.1.219.jar%23125!/:?] {re:classloading}
	at TRANSFORMER/minecraft@1.21.1/net.minecraft.gametest.framework.GameTestRunner.start(GameTestRunner.java:63) ~[neoforge-21.1.219.jar%23125!/:?] {re:classloading}
	at TRANSFORMER/minecraft@1.21.1/net.minecraft.gametest.framework.GameTestServer.startTests(GameTestServer.java:246) ~[neoforge-21.1.219.jar%23125!/:?] {re:classloading}
	at TRANSFORMER/minecraft@1.21.1/net.minecraft.gametest.framework.GameTestServer.tickServer(GameTestServer.java:171) ~[neoforge-21.1.219.jar%23125!/:?] {re:classloading}
	at TRANSFORMER/minecraft@1.21.1/net.minecraft.server.MinecraftServer.runServer(MinecraftServer.java:707) ~[neoforge-21.1.219.jar%23125!/:?] {re:mixin,pl:accesstransformer:B,re:classloading,pl:accesstransformer:B,pl:mixin:APP:ponder-common.mixins.json:accessor.MinecraftServerAccessor from mod ponder,pl:mixin:A}
	at TRANSFORMER/minecraft@1.21.1/net.minecraft.server.MinecraftServer.lambda$spin$2(MinecraftServer.java:267) ~[neoforge-21.1.219.jar%23125!/:?] {re:mixin,pl:accesstransformer:B,re:classloading,pl:accesstransformer:B,pl:mixin:APP:ponder-common.mixins.json:accessor.MinecraftServerAccessor from mod ponder,pl:mixin:A}
	at java.base/java.lang.Thread.run(Thread.java:1583) [?:?] {}


A detailed walkthrough of the error, its code path and all known details is as follows:
---------------------------------------------------------------------------------------

-- System Details --
Details:
	Minecraft Version: 1.21.1
	Minecraft Version ID: 1.21.1
	Operating System: Windows 10 (amd64) version 10.0
	Java Version: 21.0.7, Oracle Corporation
	Java VM Version: Java HotSpot(TM) 64-Bit Server VM (mixed mode, sharing), Oracle Corporation
	Memory: 521180640 bytes (497 MiB) / 1090519040 bytes (1040 MiB) up to 8564768768 bytes (8168 MiB)
	CPUs: 16
	Processor Vendor: AuthenticAMD
	Processor Name: AMD Ryzen 9 5900HX with Radeon Graphics        
	Identifier: AuthenticAMD Family 25 Model 80 Stepping 0
	Microarchitecture: Zen 3
	Frequency (GHz): 3.29
	Number of physical packages: 1
	Number of physical CPUs: 8
	Number of logical CPUs: 16
	Graphics card #0 name: NVIDIA GeForce RTX 3070 Laptop GPU
	Graphics card #0 vendor: NVIDIA
	Graphics card #0 VRAM (MiB): 8192.00
	Graphics card #0 deviceId: VideoController1
	Graphics card #0 versionInfo: 32.0.15.8180
	Memory slot #0 capacity (MiB): 16384.00
	Memory slot #0 clockSpeed (GHz): 3.20
	Memory slot #0 type: DDR4
	Memory slot #1 capacity (MiB): 16384.00
	Memory slot #1 clockSpeed (GHz): 3.20
	Memory slot #1 type: DDR4
	Virtual memory max (MiB): 35997.93
	Virtual memory used (MiB): 23980.03
	Swap memory total (MiB): 3328.00
	Swap memory used (MiB): 430.96
	Space in storage for jna.tmpdir (MiB): <path not set>
	Space in storage for org.lwjgl.system.SharedLibraryExtractPath (MiB): <path not set>
	Space in storage for io.netty.native.workdir (MiB): <path not set>
	Space in storage for java.io.tmpdir (MiB): available: 13086.13, total: 101798.30
	Space in storage for workdir (MiB): available: 403658.50, total: 976745.00
	JVM Flags: 0 total; 
	Server Running: true
	Player Count: 0 / 1; []
	Active Data Packs: bundle, trade_rebalance, vanilla, mod_data, mod/flywheel (incompatible), mod/ponder (incompatible), mod/create (incompatible), mod/create_nuclear_industry (incompatible), mod/neoforge, create:dynamic_data
	Available Data Packs: bundle, trade_rebalance, vanilla, mod/create (incompatible), mod/create_nuclear_industry (incompatible), mod/flywheel (incompatible), mod/neoforge, mod/ponder (incompatible), mod_data, create:dynamic_data
	Enabled Feature Flags: minecraft:bundle, minecraft:vanilla, minecraft:trade_rebalance
	World Generation: Stable
	World Seed: 0
	Type: Game test server
	ModLauncher: 11.0.5+main.901c6ea8
	ModLauncher launch target: forgeserverdev
	ModLauncher services: 
		sponge-mixin-0.15.2+mixin.0.8.7.jar mixin PLUGINSERVICE 
		loader-4.0.42.jar slf4jfixer PLUGINSERVICE 
		loader-4.0.42.jar runtime_enum_extender PLUGINSERVICE 
		at-modlauncher-10.0.1.jar accesstransformer PLUGINSERVICE 
		loader-4.0.42.jar runtimedistcleaner PLUGINSERVICE 
		modlauncher-11.0.5.jar mixin TRANSFORMATIONSERVICE 
		modlauncher-11.0.5.jar fml TRANSFORMATIONSERVICE 
	FML Language Providers: 
		javafml@4.0
		lowcodefml@4.0
		minecraft@4.0
	Mod List: 
		create-1.21.1-6.0.10-280-slim.jar                 |Create                        |create                        |6.0.10              |Manifest: NOSIGNATURE
		main                                              |Create: Nuclear Industry      |create_nuclear_industry       |0.1.0               |Manifest: NOSIGNATURE
		flywheel-neoforge-1.21.1-1.0.6.jar                |Flywheel                      |flywheel                      |1.0.6               |Manifest: NOSIGNATURE
		neoforge-21.1.219.jar                             |Minecraft                     |minecraft                     |1.21.1              |Manifest: NOSIGNATURE
		neoforge-21.1.219.jar                             |NeoForge                      |neoforge                      |21.1.219            |Manifest: NOSIGNATURE
		ponder-neoforge-1.0.82+mc1.21.1.jar               |Ponder                        |ponder                        |1.0.82+mc1.21.1     |Manifest: NOSIGNATURE
	Crash Report UUID: cb923c01-7de4-4c78-8498-831c910b48e8
	FML: 4.0.42
	NeoForge: 21.1.219

> Task :runGameTestServer FAILED

[Incubating] Problems report is available at: file:///E:/MyMC/NewMod/Create_NuclearIndustry-ore-acquisition/build/reports/problems/problems-report.html

FAILURE: Build failed with an exception.

* What went wrong:
Execution failed for task ':runGameTestServer'.
> Process 'command 'C:\Program Files\Java\jdk-21\bin\java.exe'' finished with non-zero exit value 1

* Try:
> Run with --stacktrace option to get the stack trace.
> Run with --info or --debug option to get more log output.
> Run with --scan to generate a Build Scan (Powered by Develocity).
> Get more help at https://help.gradle.org.

BUILD FAILED in 20s
7 actionable tasks: 3 executed, 4 up-to-date
> Task :createMinecraftArtifacts UP-TO-DATE
> Task :compileJava
> Task :processResources UP-TO-DATE
> Task :classes
> Task :downloadAssets UP-TO-DATE
> Task :writeGameTestServerLegacyClasspath UP-TO-DATE
> Task :prepareGameTestServerRun UP-TO-DATE

> Task :runGameTestServer
WARN StatusConsoleListener Advanced terminal features are not available in this environment
[14:22:01] [main/INFO] [cp.mo.mo.Launcher/MODLAUNCHER]: ModLauncher running: args [--launchTarget, forgeserverdev, --gameDir, ., --fml.fmlVersion, 4.0.42, --fml.mcVersion, 1.21.1, --fml.neoForgeVersion, 21.1.219, --fml.neoFormVersion, 20240808.144430]
[14:22:01] [main/INFO] [cp.mo.mo.Launcher/MODLAUNCHER]: JVM identified as Oracle Corporation Java HotSpot(TM) 64-Bit Server VM 21.0.7+8-LTS-245
[14:22:01] [main/INFO] [cp.mo.mo.Launcher/MODLAUNCHER]: ModLauncher 11.0.5+main.901c6ea8 starting: java version 21.0.7 by Oracle Corporation; OS Windows 10 arch amd64 version 10.0
[14:22:01] [main/INFO] [ne.ne.fm.lo.ImmediateWindowHandler/]: ImmediateWindowProvider not loading because launch target is forgeserverdev
[14:22:01] [main/INFO] [mixin/]: SpongePowered MIXIN Subsystem Version=0.8.7 Source=union:/C:/Users/IKSXH/.gradle/caches/modules-2/files-2.1/net.fabricmc/sponge-mixin/0.15.2+mixin.0.8.7/2af2f021d8e02a0220dc27a7a72b4666d66d44ca/sponge-mixin-0.15.2+mixin.0.8.7.jar%2394!/ Service=ModLauncher Env=SERVER
[14:22:02] [main/INFO] [ne.ne.fm.lo.mo.lo.JarInJarDependencyLocator/]: Found 2 dependencies adding them to mods collection
[14:22:02] [main/INFO] [ne.ne.fm.lo.mo.ModDiscoverer/]: 
     Mod List:
		Name Version (Mod Id)

		Create 6.0.10 (create)
		Create: Nuclear Industry 0.1.0 (create_nuclear_industry)
		Flywheel 1.0.6 (flywheel)
		Minecraft 1.21.1 (minecraft)
		NeoForge 21.1.219 (neoforge)
		Ponder 1.0.82+mc1.21.1 (ponder)
[14:22:03] [main/INFO] [mixin/]: Compatibility level set to JAVA_21
[14:22:03] [main/INFO] [cp.mo.mo.LaunchServiceHandler/MODLAUNCHER]: Launching target 'forgeserverdev' with arguments [--gameDir, .]
[14:22:03] [main/WARN] [mixin/]: Reference map 'ponder.refmap.json' for ponder-common.mixins.json could not be read. If this is a development environment you can ignore this message
[14:22:03] [main/WARN] [mixin/]: Error loading class: org/jetbrains/annotations/ApiStatus$ScheduledForRemoval (java.lang.ClassNotFoundException: org.jetbrains.annotations.ApiStatus$ScheduledForRemoval)
[14:22:04] [main/INFO] [MixinExtras|Service/]: Initializing MixinExtras via com.llamalad7.mixinextras.service.MixinExtrasServiceImpl(version=0.5.0).
[14:22:10] [main/WARN] [minecraft/Commands]: Ambiguity between arguments [teleport, location] and [teleport, destination] with inputs: [0.1 -0.5 .9, 0 0 0]
[14:22:10] [main/WARN] [minecraft/Commands]: Ambiguity between arguments [teleport, location] and [teleport, targets] with inputs: [0.1 -0.5 .9, 0 0 0]
[14:22:10] [main/WARN] [minecraft/Commands]: Ambiguity between arguments [teleport, destination] and [teleport, targets] with inputs: [Player, 0123, @e, dd12be42-52a9-4a91-a8a1-11c01849e498]
[14:22:10] [main/WARN] [minecraft/Commands]: Ambiguity between arguments [teleport, targets] and [teleport, destination] with inputs: [Player, 0123, dd12be42-52a9-4a91-a8a1-11c01849e498]
[14:22:10] [main/WARN] [minecraft/Commands]: Ambiguity between arguments [teleport, targets, location] and [teleport, targets, destination] with inputs: [0.1 -0.5 .9, 0 0 0]
[14:22:10] [modloading-worker-0/INFO] [ne.ne.ne.co.NeoForgeMod/NEOFORGE-MOD]: NeoForge mod loading, version 21.1.219, for MC 1.21.1
[14:22:10] [modloading-worker-0/INFO] [co.si.cr.Create/]: Create 6.0.10 initializing! Commit hash: ac0c444d9828da3453ae8cc65338e8de063286fb
[14:22:13] [main/INFO] [mojang/YggdrasilAuthenticationService]: Environment: Environment[sessionHost=https://sessionserver.mojang.com, servicesHost=https://api.minecraftservices.com, name=PROD]
[14:22:13] [main/WARN] [minecraft/VanillaPackResourcesBuilder]: Assets URL 'union:/E:/MyMC/NewMod/Create_NuclearIndustry-ore-acquisition/build/moddev/artifacts/neoforge-21.1.219.jar%23125!/assets/.mcassetsroot' uses unexpected schema
[14:22:13] [main/WARN] [minecraft/VanillaPackResourcesBuilder]: Assets URL 'union:/E:/MyMC/NewMod/Create_NuclearIndustry-ore-acquisition/build/moddev/artifacts/neoforge-21.1.219.jar%23125!/data/.mcassetsroot' uses unexpected schema
[14:22:13] [NeoForge Version Check/INFO] [ne.ne.fm.VersionChecker/]: [create] Starting version check at https://api.modrinth.com/updates/create/forge_updates.json?neoforge=only
[14:22:13] [main/INFO] [co.si.cr.Create/]: Created 157 recipes which will be injected into the game
[14:22:13] [main/INFO] [co.si.cr.Create/]: Created 0 tags which will be injected into the game
[14:22:13] [main/INFO] [ne.ne.ne.ga.GameTestHooks/]: Enabled Gametest Namespaces: [create_nuclear_industry_goggle_sync]
[14:22:13] [NeoForge Version Check/INFO] [ne.ne.fm.VersionChecker/]: [create] Found status: OUTDATED Current: 6.0.10 Target: 6.0.10+mc1.21.1
[14:22:14] [main/INFO] [minecraft/RecipeManager]: Loaded 2918 recipes
[14:22:14] [main/INFO] [minecraft/AdvancementTree]: Loaded 2507 advancements
[14:22:16] [Server thread/INFO] [minecraft/MinecraftServer]: Preparing start region for dimension minecraft:overworld
[14:22:16] [worldgen/INFO] [minecraft/LoggerChunkProgressListener]: Preparing spawn area: 2%
[14:22:16] [Server thread/INFO] [minecraft/LoggerChunkProgressListener]: Time elapsed: 172 ms
[14:22:16] [Server thread/INFO] [minecraft/GameTestServer]: Started game test server
[14:22:16] [Server thread/INFO] [ne.ne.ne.se.pe.PermissionAPI/]: Successfully initialized permission handler neoforge:default_handler
[14:22:16] [Server thread/INFO] [minecraft/GameTestServer]: 1 tests are now running at position 2217584, -59, -1884494!
[14:22:16] [Server thread/ERROR] [minecraft/MinecraftServer]: Encountered an unexpected exception
net.minecraft.ResourceLocationException: Non [a-z0-9/._-] character in path of location: create_nuclear_industry_goggle_sync:create_nuclear_industry_boiler:boiler_empty
	at TRANSFORMER/minecraft@1.21.1/net.minecraft.resources.ResourceLocation.assertValidPath(ResourceLocation.java:284) ~[neoforge-21.1.219.jar%23125!/:?] {re:classloading,pl:accesstransformer:B,re:mixin,pl:accesstransformer:B}
	at TRANSFORMER/minecraft@1.21.1/net.minecraft.resources.ResourceLocation.createUntrusted(ResourceLocation.java:48) ~[neoforge-21.1.219.jar%23125!/:?] {re:classloading,pl:accesstransformer:B,re:mixin,pl:accesstransformer:B}
	at TRANSFORMER/minecraft@1.21.1/net.minecraft.resources.ResourceLocation.bySeparator(ResourceLocation.java:79) ~[neoforge-21.1.219.jar%23125!/:?] {re:classloading,pl:accesstransformer:B,re:mixin,pl:accesstransformer:B}
	at TRANSFORMER/minecraft@1.21.1/net.minecraft.resources.ResourceLocation.parse(ResourceLocation.java:56) ~[neoforge-21.1.219.jar%23125!/:?] {re:classloading,pl:accesstransformer:B,re:mixin,pl:accesstransformer:B}
	at TRANSFORMER/minecraft@1.21.1/net.minecraft.gametest.framework.StructureUtils.prepareTestStructure(StructureUtils.java:107) ~[neoforge-21.1.219.jar%23125!/:?] {re:classloading}
	at TRANSFORMER/minecraft@1.21.1/net.minecraft.gametest.framework.GameTestInfo.prepareTestStructure(GameTestInfo.java:265) ~[neoforge-21.1.219.jar%23125!/:?] {re:classloading,pl:accesstransformer:B}
	at TRANSFORMER/minecraft@1.21.1/net.minecraft.gametest.framework.StructureGridSpawner.spawnStructure(StructureGridSpawner.java:48) ~[neoforge-21.1.219.jar%23125!/:?] {re:classloading}
	at TRANSFORMER/minecraft@1.21.1/net.minecraft.gametest.framework.GameTestRunner.spawn(GameTestRunner.java:163) ~[neoforge-21.1.219.jar%23125!/:?] {re:classloading}
	at java.base/java.util.stream.ReferencePipeline$3$1.accept(ReferencePipeline.java:197) ~[?:?] {}
	at java.base/java.util.AbstractList$RandomAccessSpliterator.forEachRemaining(AbstractList.java:722) ~[?:?] {}
	at java.base/java.util.stream.AbstractPipeline.copyInto(AbstractPipeline.java:509) ~[?:?] {}
	at java.base/java.util.stream.AbstractPipeline.wrapAndCopyInto(AbstractPipeline.java:499) ~[?:?] {}
	at java.base/java.util.stream.AbstractPipeline.evaluate(AbstractPipeline.java:575) ~[?:?] {}
	at java.base/java.util.stream.AbstractPipeline.evaluateToArrayNode(AbstractPipeline.java:260) ~[?:?] {}
	at java.base/java.util.stream.ReferencePipeline.toArray(ReferencePipeline.java:616) ~[?:?] {}
	at java.base/java.util.stream.ReferencePipeline.toArray(ReferencePipeline.java:622) ~[?:?] {}
	at java.base/java.util.stream.ReferencePipeline.toList(ReferencePipeline.java:627) ~[?:?] {}
	at TRANSFORMER/minecraft@1.21.1/net.minecraft.gametest.framework.GameTestRunner.createStructuresForBatch(GameTestRunner.java:158) ~[neoforge-21.1.219.jar%23125!/:?] {re:classloading}
	at TRANSFORMER/minecraft@1.21.1/net.minecraft.gametest.framework.GameTestRunner.runBatch(GameTestRunner.java:90) ~[neoforge-21.1.219.jar%23125!/:?] {re:classloading}
	at TRANSFORMER/minecraft@1.21.1/net.minecraft.gametest.framework.GameTestRunner.start(GameTestRunner.java:63) ~[neoforge-21.1.219.jar%23125!/:?] {re:classloading}
	at TRANSFORMER/minecraft@1.21.1/net.minecraft.gametest.framework.GameTestServer.startTests(GameTestServer.java:246) ~[neoforge-21.1.219.jar%23125!/:?] {re:classloading}
	at TRANSFORMER/minecraft@1.21.1/net.minecraft.gametest.framework.GameTestServer.tickServer(GameTestServer.java:171) ~[neoforge-21.1.219.jar%23125!/:?] {re:classloading}
	at TRANSFORMER/minecraft@1.21.1/net.minecraft.server.MinecraftServer.runServer(MinecraftServer.java:707) ~[neoforge-21.1.219.jar%23125!/:?] {re:mixin,pl:accesstransformer:B,re:classloading,pl:accesstransformer:B,pl:mixin:APP:ponder-common.mixins.json:accessor.MinecraftServerAccessor from mod ponder,pl:mixin:A}
	at TRANSFORMER/minecraft@1.21.1/net.minecraft.server.MinecraftServer.lambda$spin$2(MinecraftServer.java:267) ~[neoforge-21.1.219.jar%23125!/:?] {re:mixin,pl:accesstransformer:B,re:classloading,pl:accesstransformer:B,pl:mixin:APP:ponder-common.mixins.json:accessor.MinecraftServerAccessor from mod ponder,pl:mixin:A}
	at java.base/java.lang.Thread.run(Thread.java:1583) [?:?] {}
[14:22:16] [Server thread/FATAL] [ne.ne.ne.co.NeoForgeMod/]: Preparing crash report with UUID 3e31de1b-960d-42e2-aa23-f78868e3b260
[14:22:16] [Server thread/ERROR] [minecraft/MinecraftServer]: This crash report has been saved to: E:\MyMC\NewMod\Create_NuclearIndustry-ore-acquisition\build\runtime-goggles-01\crash-reports\crash-2026-10-05_14.22.16-server.txt
[14:22:16] [Server thread/FATAL] [ne.ne.ne.co.NeoForgeMod/]: Preparing crash report with UUID 522a1eec-4468-4314-8b8c-7ff214d5ae46
[14:22:16] [Server thread/ERROR] [minecraft/GameTestServer]: Game test server crashed
---- Minecraft Crash Report ----
// Daisy, daisy...

Time: 2026-10-05 14:22:16
Description: Exception in server tick loop

net.minecraft.ResourceLocationException: Non [a-z0-9/._-] character in path of location: create_nuclear_industry_goggle_sync:create_nuclear_industry_boiler:boiler_empty
	at TRANSFORMER/minecraft@1.21.1/net.minecraft.resources.ResourceLocation.assertValidPath(ResourceLocation.java:284) ~[neoforge-21.1.219.jar%23125!/:?] {re:classloading,pl:accesstransformer:B,re:mixin,pl:accesstransformer:B}
	at TRANSFORMER/minecraft@1.21.1/net.minecraft.resources.ResourceLocation.createUntrusted(ResourceLocation.java:48) ~[neoforge-21.1.219.jar%23125!/:?] {re:classloading,pl:accesstransformer:B,re:mixin,pl:accesstransformer:B}
	at TRANSFORMER/minecraft@1.21.1/net.minecraft.resources.ResourceLocation.bySeparator(ResourceLocation.java:79) ~[neoforge-21.1.219.jar%23125!/:?] {re:classloading,pl:accesstransformer:B,re:mixin,pl:accesstransformer:B}
	at TRANSFORMER/minecraft@1.21.1/net.minecraft.resources.ResourceLocation.parse(ResourceLocation.java:56) ~[neoforge-21.1.219.jar%23125!/:?] {re:classloading,pl:accesstransformer:B,re:mixin,pl:accesstransformer:B}
	at TRANSFORMER/minecraft@1.21.1/net.minecraft.gametest.framework.StructureUtils.prepareTestStructure(StructureUtils.java:107) ~[neoforge-21.1.219.jar%23125!/:?] {re:classloading}
	at TRANSFORMER/minecraft@1.21.1/net.minecraft.gametest.framework.GameTestInfo.prepareTestStructure(GameTestInfo.java:265) ~[neoforge-21.1.219.jar%23125!/:?] {re:classloading,pl:accesstransformer:B}
	at TRANSFORMER/minecraft@1.21.1/net.minecraft.gametest.framework.StructureGridSpawner.spawnStructure(StructureGridSpawner.java:48) ~[neoforge-21.1.219.jar%23125!/:?] {re:classloading}
	at TRANSFORMER/minecraft@1.21.1/net.minecraft.gametest.framework.GameTestRunner.spawn(GameTestRunner.java:163) ~[neoforge-21.1.219.jar%23125!/:?] {re:classloading}
	at java.base/java.util.stream.ReferencePipeline$3$1.accept(ReferencePipeline.java:197) ~[?:?] {}
	at java.base/java.util.AbstractList$RandomAccessSpliterator.forEachRemaining(AbstractList.java:722) ~[?:?] {}
	at java.base/java.util.stream.AbstractPipeline.copyInto(AbstractPipeline.java:509) ~[?:?] {}
	at java.base/java.util.stream.AbstractPipeline.wrapAndCopyInto(AbstractPipeline.java:499) ~[?:?] {}
	at java.base/java.util.stream.AbstractPipeline.evaluate(AbstractPipeline.java:575) ~[?:?] {}
	at java.base/java.util.stream.AbstractPipeline.evaluateToArrayNode(AbstractPipeline.java:260) ~[?:?] {}
	at java.base/java.util.stream.ReferencePipeline.toArray(ReferencePipeline.java:616) ~[?:?] {}
	at java.base/java.util.stream.ReferencePipeline.toArray(ReferencePipeline.java:622) ~[?:?] {}
	at java.base/java.util.stream.ReferencePipeline.toList(ReferencePipeline.java:627) ~[?:?] {}
	at TRANSFORMER/minecraft@1.21.1/net.minecraft.gametest.framework.GameTestRunner.createStructuresForBatch(GameTestRunner.java:158) ~[neoforge-21.1.219.jar%23125!/:?] {re:classloading}
	at TRANSFORMER/minecraft@1.21.1/net.minecraft.gametest.framework.GameTestRunner.runBatch(GameTestRunner.java:90) ~[neoforge-21.1.219.jar%23125!/:?] {re:classloading}
	at TRANSFORMER/minecraft@1.21.1/net.minecraft.gametest.framework.GameTestRunner.start(GameTestRunner.java:63) ~[neoforge-21.1.219.jar%23125!/:?] {re:classloading}
	at TRANSFORMER/minecraft@1.21.1/net.minecraft.gametest.framework.GameTestServer.startTests(GameTestServer.java:246) ~[neoforge-21.1.219.jar%23125!/:?] {re:classloading}
	at TRANSFORMER/minecraft@1.21.1/net.minecraft.gametest.framework.GameTestServer.tickServer(GameTestServer.java:171) ~[neoforge-21.1.219.jar%23125!/:?] {re:classloading}
	at TRANSFORMER/minecraft@1.21.1/net.minecraft.server.MinecraftServer.runServer(MinecraftServer.java:707) ~[neoforge-21.1.219.jar%23125!/:?] {re:mixin,pl:accesstransformer:B,re:classloading,pl:accesstransformer:B,pl:mixin:APP:ponder-common.mixins.json:accessor.MinecraftServerAccessor from mod ponder,pl:mixin:A}
	at TRANSFORMER/minecraft@1.21.1/net.minecraft.server.MinecraftServer.lambda$spin$2(MinecraftServer.java:267) ~[neoforge-21.1.219.jar%23125!/:?] {re:mixin,pl:accesstransformer:B,re:classloading,pl:accesstransformer:B,pl:mixin:APP:ponder-common.mixins.json:accessor.MinecraftServerAccessor from mod ponder,pl:mixin:A}
	at java.base/java.lang.Thread.run(Thread.java:1583) [?:?] {}


A detailed walkthrough of the error, its code path and all known details is as follows:
---------------------------------------------------------------------------------------

-- System Details --
Details:
	Minecraft Version: 1.21.1
	Minecraft Version ID: 1.21.1
	Operating System: Windows 10 (amd64) version 10.0
	Java Version: 21.0.7, Oracle Corporation
	Java VM Version: Java HotSpot(TM) 64-Bit Server VM (mixed mode, sharing), Oracle Corporation
	Memory: 745721936 bytes (711 MiB) / 1258291200 bytes (1200 MiB) up to 8564768768 bytes (8168 MiB)
	CPUs: 16
	Processor Vendor: AuthenticAMD
	Processor Name: AMD Ryzen 9 5900HX with Radeon Graphics        
	Identifier: AuthenticAMD Family 25 Model 80 Stepping 0
	Microarchitecture: Zen 3
	Frequency (GHz): 3.29
	Number of physical packages: 1
	Number of physical CPUs: 8
	Number of logical CPUs: 16
	Graphics card #0 name: NVIDIA GeForce RTX 3070 Laptop GPU
	Graphics card #0 vendor: NVIDIA
	Graphics card #0 VRAM (MiB): 8192.00
	Graphics card #0 deviceId: VideoController1
	Graphics card #0 versionInfo: 32.0.15.8180
	Memory slot #0 capacity (MiB): 16384.00
	Memory slot #0 clockSpeed (GHz): 3.20
	Memory slot #0 type: DDR4
	Memory slot #1 capacity (MiB): 16384.00
	Memory slot #1 clockSpeed (GHz): 3.20
	Memory slot #1 type: DDR4
	Virtual memory max (MiB): 35997.93
	Virtual memory used (MiB): 24138.49
	Swap memory total (MiB): 3328.00
	Swap memory used (MiB): 430.55
	Space in storage for jna.tmpdir (MiB): <path not set>
	Space in storage for org.lwjgl.system.SharedLibraryExtractPath (MiB): <path not set>
	Space in storage for io.netty.native.workdir (MiB): <path not set>
	Space in storage for java.io.tmpdir (MiB): available: 13082.79, total: 101798.30
	Space in storage for workdir (MiB): available: 403661.13, total: 976745.00
	JVM Flags: 0 total; 
	Server Running: true
	Player Count: 0 / 1; []
	Active Data Packs: bundle, trade_rebalance, vanilla, mod_data, mod/flywheel (incompatible), mod/ponder (incompatible), mod/create (incompatible), mod/create_nuclear_industry (incompatible), mod/neoforge, create:dynamic_data
	Available Data Packs: bundle, trade_rebalance, vanilla, mod/create (incompatible), mod/create_nuclear_industry (incompatible), mod/flywheel (incompatible), mod/neoforge, mod/ponder (incompatible), mod_data, create:dynamic_data
	Enabled Feature Flags: minecraft:bundle, minecraft:vanilla, minecraft:trade_rebalance
	World Generation: Stable
	World Seed: 0
	Type: Game test server
	ModLauncher: 11.0.5+main.901c6ea8
	ModLauncher launch target: forgeserverdev
	ModLauncher services: 
		sponge-mixin-0.15.2+mixin.0.8.7.jar mixin PLUGINSERVICE 
		loader-4.0.42.jar slf4jfixer PLUGINSERVICE 
		loader-4.0.42.jar runtime_enum_extender PLUGINSERVICE 
		at-modlauncher-10.0.1.jar accesstransformer PLUGINSERVICE 
		loader-4.0.42.jar runtimedistcleaner PLUGINSERVICE 
		modlauncher-11.0.5.jar mixin TRANSFORMATIONSERVICE 
		modlauncher-11.0.5.jar fml TRANSFORMATIONSERVICE 
	FML Language Providers: 
		javafml@4.0
		lowcodefml@4.0
		minecraft@4.0
	Mod List: 
		create-1.21.1-6.0.10-280-slim.jar                 |Create                        |create                        |6.0.10              |Manifest: NOSIGNATURE
		main                                              |Create: Nuclear Industry      |create_nuclear_industry       |0.1.0               |Manifest: NOSIGNATURE
		flywheel-neoforge-1.21.1-1.0.6.jar                |Flywheel                      |flywheel                      |1.0.6               |Manifest: NOSIGNATURE
		neoforge-21.1.219.jar                             |Minecraft                     |minecraft                     |1.21.1              |Manifest: NOSIGNATURE
		neoforge-21.1.219.jar                             |NeoForge                      |neoforge                      |21.1.219            |Manifest: NOSIGNATURE
		ponder-neoforge-1.0.82+mc1.21.1.jar               |Ponder                        |ponder                        |1.0.82+mc1.21.1     |Manifest: NOSIGNATURE
	Crash Report UUID: 522a1eec-4468-4314-8b8c-7ff214d5ae46
	FML: 4.0.42
	NeoForge: 21.1.219

> Task :runGameTestServer FAILED

FAILURE: Build failed with an exception.

* What went wrong:
Execution failed for task ':runGameTestServer'.
> Process 'command 'C:\Program Files\Java\jdk-21\bin\java.exe'' finished with non-zero exit value 1

* Try:
> Run with --stacktrace option to get the stack trace.
> Run with --info or --debug option to get more log output.
> Run with --scan to generate a Build Scan (Powered by Develocity).
> Get more help at https://help.gradle.org.

BUILD FAILED in 18s
7 actionable tasks: 2 executed, 5 up-to-date
> Task :createMinecraftArtifacts UP-TO-DATE
> Task :compileJava
> Task :processResources UP-TO-DATE
> Task :classes
> Task :downloadAssets UP-TO-DATE
> Task :writeGameTestServerLegacyClasspath UP-TO-DATE
> Task :prepareGameTestServerRun UP-TO-DATE

> Task :runGameTestServer
WARN StatusConsoleListener Advanced terminal features are not available in this environment
[14:24:10] [main/INFO] [cp.mo.mo.Launcher/MODLAUNCHER]: ModLauncher running: args [--launchTarget, forgeserverdev, --gameDir, ., --fml.fmlVersion, 4.0.42, --fml.mcVersion, 1.21.1, --fml.neoForgeVersion, 21.1.219, --fml.neoFormVersion, 20240808.144430]
[14:24:10] [main/INFO] [cp.mo.mo.Launcher/MODLAUNCHER]: JVM identified as Oracle Corporation Java HotSpot(TM) 64-Bit Server VM 21.0.7+8-LTS-245
[14:24:10] [main/INFO] [cp.mo.mo.Launcher/MODLAUNCHER]: ModLauncher 11.0.5+main.901c6ea8 starting: java version 21.0.7 by Oracle Corporation; OS Windows 10 arch amd64 version 10.0
[14:24:10] [main/INFO] [ne.ne.fm.lo.ImmediateWindowHandler/]: ImmediateWindowProvider not loading because launch target is forgeserverdev
[14:24:10] [main/INFO] [mixin/]: SpongePowered MIXIN Subsystem Version=0.8.7 Source=union:/C:/Users/IKSXH/.gradle/caches/modules-2/files-2.1/net.fabricmc/sponge-mixin/0.15.2+mixin.0.8.7/2af2f021d8e02a0220dc27a7a72b4666d66d44ca/sponge-mixin-0.15.2+mixin.0.8.7.jar%2394!/ Service=ModLauncher Env=SERVER
[14:24:11] [main/INFO] [ne.ne.fm.lo.mo.lo.JarInJarDependencyLocator/]: Found 2 dependencies adding them to mods collection
[14:24:11] [main/INFO] [ne.ne.fm.lo.mo.ModDiscoverer/]: 
     Mod List:
		Name Version (Mod Id)

		Create 6.0.10 (create)
		Create: Nuclear Industry 0.1.0 (create_nuclear_industry)
		Flywheel 1.0.6 (flywheel)
		Minecraft 1.21.1 (minecraft)
		NeoForge 21.1.219 (neoforge)
		Ponder 1.0.82+mc1.21.1 (ponder)
[14:24:12] [main/INFO] [mixin/]: Compatibility level set to JAVA_21
[14:24:12] [main/INFO] [cp.mo.mo.LaunchServiceHandler/MODLAUNCHER]: Launching target 'forgeserverdev' with arguments [--gameDir, .]
[14:24:12] [main/WARN] [mixin/]: Reference map 'ponder.refmap.json' for ponder-common.mixins.json could not be read. If this is a development environment you can ignore this message
[14:24:12] [main/WARN] [mixin/]: Error loading class: org/jetbrains/annotations/ApiStatus$ScheduledForRemoval (java.lang.ClassNotFoundException: org.jetbrains.annotations.ApiStatus$ScheduledForRemoval)
[14:24:12] [main/INFO] [MixinExtras|Service/]: Initializing MixinExtras via com.llamalad7.mixinextras.service.MixinExtrasServiceImpl(version=0.5.0).
[14:24:18] [main/WARN] [minecraft/Commands]: Ambiguity between arguments [teleport, location] and [teleport, destination] with inputs: [0.1 -0.5 .9, 0 0 0]
[14:24:18] [main/WARN] [minecraft/Commands]: Ambiguity between arguments [teleport, location] and [teleport, targets] with inputs: [0.1 -0.5 .9, 0 0 0]
[14:24:18] [main/WARN] [minecraft/Commands]: Ambiguity between arguments [teleport, destination] and [teleport, targets] with inputs: [Player, 0123, @e, dd12be42-52a9-4a91-a8a1-11c01849e498]
[14:24:18] [main/WARN] [minecraft/Commands]: Ambiguity between arguments [teleport, targets] and [teleport, destination] with inputs: [Player, 0123, dd12be42-52a9-4a91-a8a1-11c01849e498]
[14:24:18] [main/WARN] [minecraft/Commands]: Ambiguity between arguments [teleport, targets, location] and [teleport, targets, destination] with inputs: [0.1 -0.5 .9, 0 0 0]
[14:24:18] [modloading-worker-0/INFO] [ne.ne.ne.co.NeoForgeMod/NEOFORGE-MOD]: NeoForge mod loading, version 21.1.219, for MC 1.21.1
[14:24:18] [modloading-worker-0/INFO] [co.si.cr.Create/]: Create 6.0.10 initializing! Commit hash: ac0c444d9828da3453ae8cc65338e8de063286fb
[14:24:22] [main/INFO] [mojang/YggdrasilAuthenticationService]: Environment: Environment[sessionHost=https://sessionserver.mojang.com, servicesHost=https://api.minecraftservices.com, name=PROD]
[14:24:22] [NeoForge Version Check/INFO] [ne.ne.fm.VersionChecker/]: [create] Starting version check at https://api.modrinth.com/updates/create/forge_updates.json?neoforge=only
[14:24:22] [main/WARN] [minecraft/VanillaPackResourcesBuilder]: Assets URL 'union:/E:/MyMC/NewMod/Create_NuclearIndustry-ore-acquisition/build/moddev/artifacts/neoforge-21.1.219.jar%23125!/assets/.mcassetsroot' uses unexpected schema
[14:24:22] [main/WARN] [minecraft/VanillaPackResourcesBuilder]: Assets URL 'union:/E:/MyMC/NewMod/Create_NuclearIndustry-ore-acquisition/build/moddev/artifacts/neoforge-21.1.219.jar%23125!/data/.mcassetsroot' uses unexpected schema
[14:24:22] [main/INFO] [co.si.cr.Create/]: Created 157 recipes which will be injected into the game
[14:24:22] [main/INFO] [co.si.cr.Create/]: Created 0 tags which will be injected into the game
[14:24:22] [main/INFO] [ne.ne.ne.ga.GameTestHooks/]: Enabled Gametest Namespaces: [create_nuclear_industry_goggle_sync]
[14:24:22] [main/ERROR] [minecraft/Main]: Failed to start the minecraft server
java.lang.IllegalArgumentException: No test functions were given!
	at TRANSFORMER/minecraft@1.21.1/net.minecraft.gametest.framework.GameTestServer.create(GameTestServer.java:78) ~[neoforge-21.1.219.jar%23125!/:?] {re:classloading}
	at TRANSFORMER/minecraft@1.21.1/net.minecraft.server.Main.lambda$main$0(Main.java:195) ~[neoforge-21.1.219.jar%23125!/:?] {re:classloading}
	at TRANSFORMER/minecraft@1.21.1/net.minecraft.server.MinecraftServer.spin(MinecraftServer.java:273) ~[neoforge-21.1.219.jar%23125!/:?] {re:mixin,pl:accesstransformer:B,re:classloading,pl:accesstransformer:B,pl:mixin:APP:ponder-common.mixins.json:accessor.MinecraftServerAccessor from mod ponder,pl:mixin:A}
	at TRANSFORMER/minecraft@1.21.1/net.minecraft.server.Main.main(Main.java:195) ~[neoforge-21.1.219.jar%23125!/:?] {re:classloading}
	at java.base/jdk.internal.reflect.DirectMethodHandleAccessor.invoke(DirectMethodHandleAccessor.java:103) ~[?:?] {}
	at java.base/java.lang.reflect.Method.invoke(Method.java:580) ~[?:?] {}
	at MC-BOOTSTRAP/fml_loader@4.0.42/net.neoforged.fml.loading.targets.CommonLaunchHandler.runTarget(CommonLaunchHandler.java:136) ~[loader-4.0.42.jar%23102!/:4.0] {}
	at MC-BOOTSTRAP/fml_loader@4.0.42/net.neoforged.fml.loading.targets.CommonLaunchHandler.serverService(CommonLaunchHandler.java:128) ~[loader-4.0.42.jar%23102!/:4.0] {}
	at MC-BOOTSTRAP/fml_loader@4.0.42/net.neoforged.fml.loading.targets.NeoForgeServerDevLaunchHandler.runService(NeoForgeServerDevLaunchHandler.java:23) ~[loader-4.0.42.jar%23102!/:4.0] {}
	at MC-BOOTSTRAP/fml_loader@4.0.42/net.neoforged.fml.loading.targets.CommonLaunchHandler.lambda$launchService$4(CommonLaunchHandler.java:118) ~[loader-4.0.42.jar%23102!/:4.0] {}
	at MC-BOOTSTRAP/cpw.mods.modlauncher@11.0.5/cpw.mods.modlauncher.LaunchServiceHandlerDecorator.launch(LaunchServiceHandlerDecorator.java:30) [modlauncher-11.0.5.jar%2382!/:?] {}
	at MC-BOOTSTRAP/cpw.mods.modlauncher@11.0.5/cpw.mods.modlauncher.LaunchServiceHandler.launch(LaunchServiceHandler.java:53) [modlauncher-11.0.5.jar%2382!/:?] {}
	at MC-BOOTSTRAP/cpw.mods.modlauncher@11.0.5/cpw.mods.modlauncher.LaunchServiceHandler.launch(LaunchServiceHandler.java:71) [modlauncher-11.0.5.jar%2382!/:?] {}
	at MC-BOOTSTRAP/cpw.mods.modlauncher@11.0.5/cpw.mods.modlauncher.Launcher.run(Launcher.java:103) [modlauncher-11.0.5.jar%2382!/:?] {}
	at MC-BOOTSTRAP/cpw.mods.modlauncher@11.0.5/cpw.mods.modlauncher.Launcher.main(Launcher.java:74) [modlauncher-11.0.5.jar%2382!/:?] {}
	at MC-BOOTSTRAP/cpw.mods.modlauncher@11.0.5/cpw.mods.modlauncher.BootstrapLaunchConsumer.accept(BootstrapLaunchConsumer.java:26) [modlauncher-11.0.5.jar%2382!/:?] {}
	at MC-BOOTSTRAP/cpw.mods.modlauncher@11.0.5/cpw.mods.modlauncher.BootstrapLaunchConsumer.accept(BootstrapLaunchConsumer.java:23) [modlauncher-11.0.5.jar%2382!/:?] {}
	at cpw.mods.bootstraplauncher@2.0.2/cpw.mods.bootstraplauncher.BootstrapLauncher.run(BootstrapLauncher.java:210) [bootstraplauncher-2.0.2.jar:?] {}
	at cpw.mods.bootstraplauncher@2.0.2/cpw.mods.bootstraplauncher.BootstrapLauncher.main(BootstrapLauncher.java:69) [bootstraplauncher-2.0.2.jar:?] {}
	at java.base/jdk.internal.reflect.DirectMethodHandleAccessor.invoke(DirectMethodHandleAccessor.java:103) ~[?:?] {}
	at java.base/java.lang.reflect.Method.invoke(Method.java:580) ~[?:?] {}
	at net.neoforged.devlaunch.Main.main(Main.java:57) [DevLaunch-1.0.2.jar:?] {}

> Task :jarJar NO-SOURCE
> Task :jar
> Task :assemble

BUILD SUCCESSFUL in 15s
8 actionable tasks: 3 executed, 5 up-to-date
Consider enabling configuration cache to speed up this build: https://docs.gradle.org/9.0.0/userguide/configuration_cache_enabling.html
> Task :createMinecraftArtifacts UP-TO-DATE
> Task :compileJava FROM-CACHE
> Task :processResources
> Task :classes
> Task :downloadAssets UP-TO-DATE
> Task :writeGameTestServerLegacyClasspath UP-TO-DATE
> Task :prepareGameTestServerRun UP-TO-DATE

> Task :runGameTestServer
WARN StatusConsoleListener Advanced terminal features are not available in this environment
[14:27:36] [main/INFO] [cp.mo.mo.Launcher/MODLAUNCHER]: ModLauncher running: args [--launchTarget, forgeserverdev, --gameDir, ., --fml.fmlVersion, 4.0.42, --fml.mcVersion, 1.21.1, --fml.neoForgeVersion, 21.1.219, --fml.neoFormVersion, 20240808.144430]
[14:27:36] [main/INFO] [cp.mo.mo.Launcher/MODLAUNCHER]: JVM identified as Oracle Corporation Java HotSpot(TM) 64-Bit Server VM 21.0.7+8-LTS-245
[14:27:36] [main/INFO] [cp.mo.mo.Launcher/MODLAUNCHER]: ModLauncher 11.0.5+main.901c6ea8 starting: java version 21.0.7 by Oracle Corporation; OS Windows 10 arch amd64 version 10.0
[14:27:36] [main/INFO] [ne.ne.fm.lo.ImmediateWindowHandler/]: ImmediateWindowProvider not loading because launch target is forgeserverdev
[14:27:36] [main/INFO] [mixin/]: SpongePowered MIXIN Subsystem Version=0.8.7 Source=union:/C:/Users/IKSXH/.gradle/caches/modules-2/files-2.1/net.fabricmc/sponge-mixin/0.15.2+mixin.0.8.7/2af2f021d8e02a0220dc27a7a72b4666d66d44ca/sponge-mixin-0.15.2+mixin.0.8.7.jar%2394!/ Service=ModLauncher Env=SERVER
[14:27:36] [main/INFO] [ne.ne.fm.lo.mo.lo.JarInJarDependencyLocator/]: Found 2 dependencies adding them to mods collection
[14:27:36] [main/INFO] [ne.ne.fm.lo.mo.ModDiscoverer/]: 
     Mod List:
		Name Version (Mod Id)

		Create 6.0.10 (create)
		Create: Nuclear Industry 0.1.0 (create_nuclear_industry)
		Flywheel 1.0.6 (flywheel)
		Minecraft 1.21.1 (minecraft)
		NeoForge 21.1.219 (neoforge)
		Ponder 1.0.82+mc1.21.1 (ponder)
[14:27:38] [main/INFO] [mixin/]: Compatibility level set to JAVA_21
[14:27:38] [main/INFO] [cp.mo.mo.LaunchServiceHandler/MODLAUNCHER]: Launching target 'forgeserverdev' with arguments [--gameDir, .]
[14:27:38] [main/WARN] [mixin/]: Reference map 'ponder.refmap.json' for ponder-common.mixins.json could not be read. If this is a development environment you can ignore this message
[14:27:38] [main/WARN] [mixin/]: Error loading class: org/jetbrains/annotations/ApiStatus$ScheduledForRemoval (java.lang.ClassNotFoundException: org.jetbrains.annotations.ApiStatus$ScheduledForRemoval)
[14:27:38] [main/INFO] [MixinExtras|Service/]: Initializing MixinExtras via com.llamalad7.mixinextras.service.MixinExtrasServiceImpl(version=0.5.0).
[14:27:44] [main/WARN] [minecraft/Commands]: Ambiguity between arguments [teleport, location] and [teleport, destination] with inputs: [0.1 -0.5 .9, 0 0 0]
[14:27:44] [main/WARN] [minecraft/Commands]: Ambiguity between arguments [teleport, location] and [teleport, targets] with inputs: [0.1 -0.5 .9, 0 0 0]
[14:27:44] [main/WARN] [minecraft/Commands]: Ambiguity between arguments [teleport, destination] and [teleport, targets] with inputs: [Player, 0123, @e, dd12be42-52a9-4a91-a8a1-11c01849e498]
[14:27:44] [main/WARN] [minecraft/Commands]: Ambiguity between arguments [teleport, targets] and [teleport, destination] with inputs: [Player, 0123, dd12be42-52a9-4a91-a8a1-11c01849e498]
[14:27:44] [main/WARN] [minecraft/Commands]: Ambiguity between arguments [teleport, targets, location] and [teleport, targets, destination] with inputs: [0.1 -0.5 .9, 0 0 0]
[14:27:44] [modloading-worker-0/INFO] [ne.ne.ne.co.NeoForgeMod/NEOFORGE-MOD]: NeoForge mod loading, version 21.1.219, for MC 1.21.1
[14:27:44] [modloading-worker-0/INFO] [co.si.cr.Create/]: Create 6.0.10 initializing! Commit hash: ac0c444d9828da3453ae8cc65338e8de063286fb
[14:27:48] [main/INFO] [mojang/YggdrasilAuthenticationService]: Environment: Environment[sessionHost=https://sessionserver.mojang.com, servicesHost=https://api.minecraftservices.com, name=PROD]
[14:27:48] [main/WARN] [minecraft/VanillaPackResourcesBuilder]: Assets URL 'union:/E:/MyMC/NewMod/Create_NuclearIndustry-ore-acquisition/build/moddev/artifacts/neoforge-21.1.219.jar%23125!/assets/.mcassetsroot' uses unexpected schema
[14:27:48] [main/WARN] [minecraft/VanillaPackResourcesBuilder]: Assets URL 'union:/E:/MyMC/NewMod/Create_NuclearIndustry-ore-acquisition/build/moddev/artifacts/neoforge-21.1.219.jar%23125!/data/.mcassetsroot' uses unexpected schema
[14:27:48] [NeoForge Version Check/INFO] [ne.ne.fm.VersionChecker/]: [create] Starting version check at https://api.modrinth.com/updates/create/forge_updates.json?neoforge=only
[14:27:48] [main/INFO] [co.si.cr.Create/]: Created 157 recipes which will be injected into the game
[14:27:48] [main/INFO] [co.si.cr.Create/]: Created 0 tags which will be injected into the game
[14:27:48] [main/INFO] [ne.ne.ne.ga.GameTestHooks/]: Enabled Gametest Namespaces: [create_nuclear_industry_goggle_sync]
[14:27:48] [NeoForge Version Check/INFO] [ne.ne.fm.VersionChecker/]: [create] Found status: OUTDATED Current: 6.0.10 Target: 6.0.10+mc1.21.1
[14:27:49] [main/INFO] [minecraft/RecipeManager]: Loaded 2918 recipes
[14:27:49] [main/INFO] [minecraft/AdvancementTree]: Loaded 2507 advancements
[14:27:50] [Server thread/INFO] [minecraft/MinecraftServer]: Preparing start region for dimension minecraft:overworld
[14:27:50] [worldgen/INFO] [minecraft/LoggerChunkProgressListener]: Preparing spawn area: 2%
[14:27:51] [Server thread/INFO] [minecraft/LoggerChunkProgressListener]: Time elapsed: 342 ms
[14:27:51] [Server thread/INFO] [minecraft/GameTestServer]: Started game test server
[14:27:51] [Server thread/INFO] [ne.ne.ne.se.pe.PermissionAPI/]: Successfully initialized permission handler neoforge:default_handler
[14:27:51] [Server thread/INFO] [minecraft/GameTestServer]: 1 tests are now running at position 13142318, -59, -1447256!
[14:27:51] [Server thread/INFO] [minecraft/GameTestRunner]: Running test batch 'defaultBatch:0' (1 tests)...
[14:27:51] [Server thread/INFO] [minecraft/GameTestServer]: [ ]
[14:27:51] [Server thread/INFO] [minecraft/GameTestServer]: [ ]
[14:27:51] [Server thread/INFO] [minecraft/GameTestServer]: [ ]
[14:27:51] [Server thread/INFO] [minecraft/GameTestServer]: [_]
[14:27:51] [Server thread/INFO] [minecraft/GameTestServer]: [+]
[14:27:51] [Server thread/INFO] [minecraft/GameTestServer]: ========= 1 GAME TESTS COMPLETE IN 418.3 ms ======================
[14:27:51] [Server thread/INFO] [minecraft/GameTestServer]: All 1 required tests passed :)
[14:27:51] [Server thread/INFO] [minecraft/GameTestServer]: ====================================================
[14:27:51] [Server thread/INFO] [minecraft/MinecraftServer]: Stopping server
[14:27:51] [Server thread/INFO] [minecraft/MinecraftServer]: Saving players
[14:27:51] [Server thread/INFO] [minecraft/MinecraftServer]: Saving worlds
[14:27:52] [Server thread/INFO] [minecraft/MinecraftServer]: Saving chunks for level 'ServerLevel[Test Level]'/minecraft:overworld
[14:27:52] [Server thread/INFO] [minecraft/MinecraftServer]: Saving chunks for level 'ServerLevel[Test Level]'/minecraft:the_end
[14:27:52] [Server thread/INFO] [minecraft/MinecraftServer]: Saving chunks for level 'ServerLevel[Test Level]'/minecraft:the_nether
[14:27:52] [Server thread/INFO] [minecraft/MinecraftServer]: ThreadedAnvilChunkStorage (world): All chunks are saved
[14:27:52] [Server thread/INFO] [minecraft/MinecraftServer]: ThreadedAnvilChunkStorage (DIM1): All chunks are saved
[14:27:52] [Server thread/INFO] [minecraft/MinecraftServer]: ThreadedAnvilChunkStorage (DIM-1): All chunks are saved
[14:27:52] [Server thread/INFO] [minecraft/MinecraftServer]: ThreadedAnvilChunkStorage: All dimensions are saved
[14:27:52] [Server thread/INFO] [minecraft/GameTestServer]: Game test server shutting down

> Task :jarJar NO-SOURCE
> Task :jar
> Task :assemble

BUILD SUCCESSFUL in 22s
8 actionable tasks: 3 executed, 1 from cache, 4 up-to-date
Consider enabling configuration cache to speed up this build: https://docs.gradle.org/9.0.0/userguide/configuration_cache_enabling.html
