Starting a Gradle Daemon, 3 busy and 1 incompatible and 1 stopped Daemons could not be reused, use --status for details
> Task :createMinecraftArtifacts UP-TO-DATE
> Task :compileJava UP-TO-DATE
> Task :processResources UP-TO-DATE
> Task :classes UP-TO-DATE
> Task :compileTestJava
> Task :downloadAssets UP-TO-DATE
> Task :writeNeoForgeTestClasspath UP-TO-DATE
> Task :prepareNeoForgeTestFiles UP-TO-DATE
> Task :processTestResources NO-SOURCE
> Task :testClasses

> Task :test

TurbineStateTest > actualExhaustCommitAloneCreatesPower() FAILED
    org.opentest4j.AssertionFailedError at TurbineStateTest.java:17

> Task :test FAILED


10 tests completed, 1 failed
[Incubating] Problems report is available at: file:///E:/MyMC/NewMod/Create_NuclearIndustry-ore-acquisition/build/reports/problems/problems-report.html

FAILURE: Build failed with an exception.

* What went wrong:
Execution failed for task ':test'.
> There were failing tests. See the report at: file:///E:/MyMC/NewMod/Create_NuclearIndustry-ore-acquisition/build/reports/tests/test/index.html

* Try:
> Run with --scan to generate a Build Scan (Powered by Develocity).

Deprecated Gradle features were used in this build, making it incompatible with Gradle 10.

You can use '--warning-mode all' to show the individual deprecation warnings and determine if they come from your own scripts or plugins.

For more on this, please refer to https://docs.gradle.org/9.0.0/userguide/command_line_interface.html#sec:command_line_warnings in the Gradle documentation.

BUILD FAILED in 23s
8 actionable tasks: 2 executed, 6 up-to-date
