> Task :createMinecraftArtifacts UP-TO-DATE

> Task :compileJava
E:\MyMC\NewMod\Create_NuclearIndustry-ore-acquisition\src\main\java\com\iksxh\create_nuclear_industry\content\TurbineContent.java:83: 警告: [removal] FluidType 中的 initializeClient(Consumer<IClientFluidTypeExtensions>) 已过时, 且标记为待删除
            @Override public void initializeClient(Consumer<IClientFluidTypeExtensions> consumer) {
                                  ^
E:\MyMC\NewMod\Create_NuclearIndustry-ore-acquisition\src\main\java\com\iksxh\create_nuclear_industry\turbine\client\TurbineClientEvents.java:12: 警告: [removal] EventBusSubscriber 中的 bus() 已过时, 且标记为待删除
        bus = EventBusSubscriber.Bus.MOD)
        ^
E:\MyMC\NewMod\Create_NuclearIndustry-ore-acquisition\src\main\java\com\iksxh\create_nuclear_industry\turbine\client\TurbineClientEvents.java:12: 警告: [removal] EventBusSubscriber 中的 Bus 已过时, 且标记为待删除
        bus = EventBusSubscriber.Bus.MOD)
                                ^
注: 某些输入文件使用或覆盖了已过时的 API。
注: 有关详细信息, 请使用 -Xlint:deprecation 重新编译。
3 个警告

> Task :processResources UP-TO-DATE
> Task :classes
> Task :compileTestJava
> Task :downloadAssets UP-TO-DATE
> Task :writeNeoForgeTestClasspath UP-TO-DATE
> Task :prepareNeoForgeTestFiles UP-TO-DATE
> Task :processTestResources NO-SOURCE
> Task :testClasses
> Task :test

[Incubating] Problems report is available at: file:///E:/MyMC/NewMod/Create_NuclearIndustry-ore-acquisition/build/reports/problems/problems-report.html

Deprecated Gradle features were used in this build, making it incompatible with Gradle 10.

You can use '--warning-mode all' to show the individual deprecation warnings and determine if they come from your own scripts or plugins.

For more on this, please refer to https://docs.gradle.org/9.0.0/userguide/command_line_interface.html#sec:command_line_warnings in the Gradle documentation.

BUILD SUCCESSFUL in 18s
8 actionable tasks: 3 executed, 5 up-to-date
